Archive member included to satisfy reference by file (symbol)

/Applications/STM32CubeIDE.app/Contents/Eclipse/plugins/com.st.stm32cube.ide.mcu.externaltools.gnu-tools-for-stm32.9-2020-q2-update.macos64_2.0.0.202105311346/tools/bin/../lib/gcc/arm-none-eabi/9.3.1/../../../../arm-none-eabi/lib/thumb/v6-m/nofp/libc_nano.a(lib_a-errno.o)
                              ./Core/Src/syscalls.o (__errno)
/Applications/STM32CubeIDE.app/Contents/Eclipse/plugins/com.st.stm32cube.ide.mcu.externaltools.gnu-tools-for-stm32.9-2020-q2-update.macos64_2.0.0.202105311346/tools/bin/../lib/gcc/arm-none-eabi/9.3.1/../../../../arm-none-eabi/lib/thumb/v6-m/nofp/libc_nano.a(lib_a-exit.o)
                              /Applications/STM32CubeIDE.app/Contents/Eclipse/plugins/com.st.stm32cube.ide.mcu.externaltools.gnu-tools-for-stm32.9-2020-q2-update.macos64_2.0.0.202105311346/tools/bin/../lib/gcc/arm-none-eabi/9.3.1/../../../../arm-none-eabi/lib/thumb/v6-m/nofp/crt0.o (exit)
/Applications/STM32CubeIDE.app/Contents/Eclipse/plugins/com.st.stm32cube.ide.mcu.externaltools.gnu-tools-for-stm32.9-2020-q2-update.macos64_2.0.0.202105311346/tools/bin/../lib/gcc/arm-none-eabi/9.3.1/../../../../arm-none-eabi/lib/thumb/v6-m/nofp/libc_nano.a(lib_a-impure.o)
                              /Applications/STM32CubeIDE.app/Contents/Eclipse/plugins/com.st.stm32cube.ide.mcu.externaltools.gnu-tools-for-stm32.9-2020-q2-update.macos64_2.0.0.202105311346/tools/bin/../lib/gcc/arm-none-eabi/9.3.1/../../../../arm-none-eabi/lib/thumb/v6-m/nofp/libc_nano.a(lib_a-exit.o) (_global_impure_ptr)
/Applications/STM32CubeIDE.app/Contents/Eclipse/plugins/com.st.stm32cube.ide.mcu.externaltools.gnu-tools-for-stm32.9-2020-q2-update.macos64_2.0.0.202105311346/tools/bin/../lib/gcc/arm-none-eabi/9.3.1/../../../../arm-none-eabi/lib/thumb/v6-m/nofp/libc_nano.a(lib_a-init.o)
                              /Applications/STM32CubeIDE.app/Contents/Eclipse/plugins/com.st.stm32cube.ide.mcu.externaltools.gnu-tools-for-stm32.9-2020-q2-update.macos64_2.0.0.202105311346/tools/bin/../lib/gcc/arm-none-eabi/9.3.1/../../../../arm-none-eabi/lib/thumb/v6-m/nofp/crt0.o (__libc_init_array)
/Applications/STM32CubeIDE.app/Contents/Eclipse/plugins/com.st.stm32cube.ide.mcu.externaltools.gnu-tools-for-stm32.9-2020-q2-update.macos64_2.0.0.202105311346/tools/bin/../lib/gcc/arm-none-eabi/9.3.1/../../../../arm-none-eabi/lib/thumb/v6-m/nofp/libc_nano.a(lib_a-memcpy-stub.o)
                              ./Middlewares/Third_Party/FreeRTOS/Source/queue.o (memcpy)
/Applications/STM32CubeIDE.app/Contents/Eclipse/plugins/com.st.stm32cube.ide.mcu.externaltools.gnu-tools-for-stm32.9-2020-q2-update.macos64_2.0.0.202105311346/tools/bin/../lib/gcc/arm-none-eabi/9.3.1/../../../../arm-none-eabi/lib/thumb/v6-m/nofp/libc_nano.a(lib_a-memset.o)
                              /Applications/STM32CubeIDE.app/Contents/Eclipse/plugins/com.st.stm32cube.ide.mcu.externaltools.gnu-tools-for-stm32.9-2020-q2-update.macos64_2.0.0.202105311346/tools/bin/../lib/gcc/arm-none-eabi/9.3.1/../../../../arm-none-eabi/lib/thumb/v6-m/nofp/crt0.o (memset)
/Applications/STM32CubeIDE.app/Contents/Eclipse/plugins/com.st.stm32cube.ide.mcu.externaltools.gnu-tools-for-stm32.9-2020-q2-update.macos64_2.0.0.202105311346/tools/bin/../lib/gcc/arm-none-eabi/9.3.1/../../../../arm-none-eabi/lib/thumb/v6-m/nofp/libc_nano.a(lib_a-printf.o)
                              ./Core/Src/nsprs_app_srvc.o (printf)
/Applications/STM32CubeIDE.app/Contents/Eclipse/plugins/com.st.stm32cube.ide.mcu.externaltools.gnu-tools-for-stm32.9-2020-q2-update.macos64_2.0.0.202105311346/tools/bin/../lib/gcc/arm-none-eabi/9.3.1/../../../../arm-none-eabi/lib/thumb/v6-m/nofp/libc_nano.a(lib_a-puts.o)
                              ./Core/Src/nsprs_app_srvc.o (puts)
/Applications/STM32CubeIDE.app/Contents/Eclipse/plugins/com.st.stm32cube.ide.mcu.externaltools.gnu-tools-for-stm32.9-2020-q2-update.macos64_2.0.0.202105311346/tools/bin/../lib/gcc/arm-none-eabi/9.3.1/../../../../arm-none-eabi/lib/thumb/v6-m/nofp/libc_nano.a(lib_a-strlen.o)
                              ./Middlewares/Third_Party/FreeRTOS/Source/tasks.o (strlen)
/Applications/STM32CubeIDE.app/Contents/Eclipse/plugins/com.st.stm32cube.ide.mcu.externaltools.gnu-tools-for-stm32.9-2020-q2-update.macos64_2.0.0.202105311346/tools/bin/../lib/gcc/arm-none-eabi/9.3.1/../../../../arm-none-eabi/lib/thumb/v6-m/nofp/libc_nano.a(lib_a-wbuf.o)
                              /Applications/STM32CubeIDE.app/Contents/Eclipse/plugins/com.st.stm32cube.ide.mcu.externaltools.gnu-tools-for-stm32.9-2020-q2-update.macos64_2.0.0.202105311346/tools/bin/../lib/gcc/arm-none-eabi/9.3.1/../../../../arm-none-eabi/lib/thumb/v6-m/nofp/libc_nano.a(lib_a-puts.o) (__swbuf_r)
/Applications/STM32CubeIDE.app/Contents/Eclipse/plugins/com.st.stm32cube.ide.mcu.externaltools.gnu-tools-for-stm32.9-2020-q2-update.macos64_2.0.0.202105311346/tools/bin/../lib/gcc/arm-none-eabi/9.3.1/../../../../arm-none-eabi/lib/thumb/v6-m/nofp/libc_nano.a(lib_a-wsetup.o)
[...]
Memory Configuration

Name             Origin             Length             Attributes
RAM              0x0000000020000000 0x0000000000009000 xrw
FLASH            0x0000000008000000 0x0000000000020000 xr
*default*        0x0000000000000000 0xffffffffffffffff

Linker script and memory map

LOAD /Applications/STM32CubeIDE.app/Contents/Eclipse/plugins/com.st.stm32cube.ide.mcu.externaltools.gnu-tools-for-stm32.9-2020-q2-update.macos64_2.0.0.202105311346/tools/bin/../lib/gcc/arm-none-eabi/9.3.1/thumb/v6-m/nofp/crti.o
LOAD /Applications/STM32CubeIDE.app/Contents/Eclipse/plugins/com.st.stm32cube.ide.mcu.externaltools.gnu-tools-for-stm32.9-2020-q2-update.macos64_2.0.0.202105311346/tools/bin/../lib/gcc/arm-none-eabi/9.3.1/thumb/v6-m/nofp/crtbegin.o
LOAD /Applications/STM32CubeIDE.app/Contents/Eclipse/plugins/com.st.stm32cube.ide.mcu.externaltools.gnu-tools-for-stm32.9-2020-q2-update.macos64_2.0.0.202105311346/tools/bin/../lib/gcc/arm-none-eabi/9.3.1/../../../../arm-none-eabi/lib/thumb/v6-m/nofp/crt0.o
LOAD ./Core/Src/main.o
LOAD ./Core/Src/nsprs_app_srvc.o
LOAD ./Core/Src/nsprs_comm.o
LOAD ./Core/Src/nsprs_common.o
LOAD ./Core/Src/nsprs_drivers.o
LOAD ./Core/Src/nsprs_params.o
LOAD ./Core/Src/nsprs_platform_nucleo_g070rb.o
LOAD ./Core/Src/nsprs_sys_srvc.o
LOAD ./Core/Src/stm32_trg_driver.o
LOAD ./Core/Src/stm32g0xx_hal_msp.o
LOAD ./Core/Src/stm32g0xx_it.o
LOAD ./Core/Src/syscalls.o
LOAD ./Core/Src/sysmem.o
LOAD ./Core/Src/system_stm32g0xx.o
LOAD ./Core/Src/test_dyn_sch.o
LOAD ./Core/Startup/startup_stm32g070rbtx.o
LOAD ./Drivers/STM32G0xx_HAL_Driver/Src/stm32g0xx_hal.o
LOAD ./Drivers/STM32G0xx_HAL_Driver/Src/stm32g0xx_hal_adc.o
LOAD ./Drivers/STM32G0xx_HAL_Driver/Src/stm32g0xx_hal_adc_ex.o
LOAD ./Drivers/STM32G0xx_HAL_Driver/Src/stm32g0xx_hal_cortex.o
LOAD ./Drivers/STM32G0xx_HAL_Driver/Src/stm32g0xx_hal_dma.o
LOAD ./Drivers/STM32G0xx_HAL_Driver/Src/stm32g0xx_hal_dma_ex.o
LOAD ./Drivers/STM32G0xx_HAL_Driver/Src/stm32g0xx_hal_exti.o
LOAD ./Drivers/STM32G0xx_HAL_Driver/Src/stm32g0xx_hal_flash.o
LOAD ./Drivers/STM32G0xx_HAL_Driver/Src/stm32g0xx_hal_flash_ex.o
LOAD ./Drivers/STM32G0xx_HAL_Driver/Src/stm32g0xx_hal_gpio.o
LOAD ./Drivers/STM32G0xx_HAL_Driver/Src/stm32g0xx_hal_pwr.o
LOAD ./Drivers/STM32G0xx_HAL_Driver/Src/stm32g0xx_hal_pwr_ex.o
LOAD ./Drivers/STM32G0xx_HAL_Driver/Src/stm32g0xx_hal_rcc.o
LOAD ./Drivers/STM32G0xx_HAL_Driver/Src/stm32g0xx_hal_rcc_ex.o
LOAD ./Drivers/STM32G0xx_HAL_Driver/Src/stm32g0xx_hal_tim.o
LOAD ./Drivers/STM32G0xx_HAL_Driver/Src/stm32g0xx_hal_tim_ex.o
LOAD ./Drivers/STM32G0xx_HAL_Driver/Src/stm32g0xx_hal_uart.o
LOAD ./Drivers/STM32G0xx_HAL_Driver/Src/stm32g0xx_hal_uart_ex.o
LOAD ./Drivers/STM32G0xx_HAL_Driver/Src/stm32g0xx_ll_adc.o
LOAD ./Drivers/STM32G0xx_HAL_Driver/Src/stm32g0xx_ll_dma.o
LOAD ./Drivers/STM32G0xx_HAL_Driver/Src/stm32g0xx_ll_rcc.o
LOAD ./Middlewares/Third_Party/FreeRTOS/Source/croutine.o
LOAD ./Middlewares/Third_Party/FreeRTOS/Source/event_groups.o
LOAD ./Middlewares/Third_Party/FreeRTOS/Source/list.o
LOAD ./Middlewares/Third_Party/FreeRTOS/Source/queue.o
LOAD ./Middlewares/Third_Party/FreeRTOS/Source/stream_buffer.o
LOAD ./Middlewares/Third_Party/FreeRTOS/Source/tasks.o
LOAD ./Middlewares/Third_Party/FreeRTOS/Source/timers.o
LOAD ./Middlewares/Third_Party/FreeRTOS/Source/portable/GCC/ARM_CM0/port.o
LOAD ./Middlewares/Third_Party/FreeRTOS/Source/portable/MemMang/heap_4.o
START GROUP
LOAD /Applications/STM32CubeIDE.app/Contents/Eclipse/plugins/com.st.stm32cube.ide.mcu.externaltools.gnu-tools-for-stm32.9-2020-q2-update.macos64_2.0.0.202105311346/tools/bin/../lib/gcc/arm-none-eabi/9.3.1/../../../../arm-none-eabi/lib/thumb/v6-m/nofp/libc_nano.a
LOAD /Applications/STM32CubeIDE.app/Contents/Eclipse/plugins/com.st.stm32cube.ide.mcu.externaltools.gnu-tools-for-stm32.9-2020-q2-update.macos64_2.0.0.202105311346/tools/bin/../lib/gcc/arm-none-eabi/9.3.1/../../../../arm-none-eabi/lib/thumb/v6-m/nofp/libm.a
END GROUP
START GROUP
LOAD /Applications/STM32CubeIDE.app/Contents/Eclipse/plugins/com.st.stm32cube.ide.mcu.externaltools.gnu-tools-for-stm32.9-2020-q2-update.macos64_2.0.0.202105311346/tools/bin/../lib/gcc/arm-none-eabi/9.3.1/thumb/v6-m/nofp/libgcc.a
LOAD /Applications/STM32CubeIDE.app/Contents/Eclipse/plugins/com.st.stm32cube.ide.mcu.externaltools.gnu-tools-for-stm32.9-2020-q2-update.macos64_2.0.0.202105311346/tools/bin/../lib/gcc/arm-none-eabi/9.3.1/../../../../arm-none-eabi/lib/thumb/v6-m/nofp/libc_nano.a
END GROUP
START GROUP
LOAD /Applications/STM32CubeIDE.app/Contents/Eclipse/plugins/com.st.stm32cube.ide.mcu.externaltools.gnu-tools-for-stm32.9-2020-q2-update.macos64_2.0.0.202105311346/tools/bin/../lib/gcc/arm-none-eabi/9.3.1/thumb/v6-m/nofp/libgcc.a
LOAD /Applications/STM32CubeIDE.app/Contents/Eclipse/plugins/com.st.stm32cube.ide.mcu.externaltools.gnu-tools-for-stm32.9-2020-q2-update.macos64_2.0.0.202105311346/tools/bin/../lib/gcc/arm-none-eabi/9.3.1/../../../../arm-none-eabi/lib/thumb/v6-m/nofp/libc_nano.a
LOAD /Applications/STM32CubeIDE.app/Contents/Eclipse/plugins/com.st.stm32cube.ide.mcu.externaltools.gnu-tools-for-stm32.9-2020-q2-update.macos64_2.0.0.202105311346/tools/bin/../lib/gcc/arm-none-eabi/9.3.1/../../../../arm-none-eabi/lib/thumb/v6-m/nofp/libnosys.a
END GROUP
START GROUP
LOAD /Applications/STM32CubeIDE.app/Contents/Eclipse/plugins/com.st.stm32cube.ide.mcu.externaltools.gnu-tools-for-stm32.9-2020-q2-update.macos64_2.0.0.202105311346/tools/bin/../lib/gcc/arm-none-eabi/9.3.1/thumb/v6-m/nofp/libgcc.a
LOAD /Applications/STM32CubeIDE.app/Contents/Eclipse/plugins/com.st.stm32cube.ide.mcu.externaltools.gnu-tools-for-stm32.9-2020-q2-update.macos64_2.0.0.202105311346/tools/bin/../lib/gcc/arm-none-eabi/9.3.1/../../../../arm-none-eabi/lib/thumb/v6-m/nofp/libc_nano.a
LOAD /Applications/STM32CubeIDE.app/Contents/Eclipse/plugins/com.st.stm32cube.ide.mcu.externaltools.gnu-tools-for-stm32.9-2020-q2-update.macos64_2.0.0.202105311346/tools/bin/../lib/gcc/arm-none-eabi/9.3.1/../../../../arm-none-eabi/lib/thumb/v6-m/nofp/libnosys.a
END GROUP
LOAD /Applications/STM32CubeIDE.app/Contents/Eclipse/plugins/com.st.stm32cube.ide.mcu.externaltools.gnu-tools-for-stm32.9-2020-q2-update.macos64_2.0.0.202105311346/tools/bin/../lib/gcc/arm-none-eabi/9.3.1/thumb/v6-m/nofp/crtend.o
LOAD /Applications/STM32CubeIDE.app/Contents/Eclipse/plugins/com.st.stm32cube.ide.mcu.externaltools.gnu-tools-for-stm32.9-2020-q2-update.macos64_2.0.0.202105311346/tools/bin/../lib/gcc/arm-none-eabi/9.3.1/thumb/v6-m/nofp/crtn.o
                0x0000000020009000                _estack = (ORIGIN (RAM) + LENGTH (RAM))
                0x0000000000000200                _Min_Heap_Size = 0x200
                0x0000000000000400                _Min_Stack_Size = 0x400

.isr_vector     0x0000000008000000       0xb8
                0x0000000008000000                . = ALIGN (0x4)
 *(.isr_vector)
 .isr_vector    0x0000000008000000       0xb8 ./Core/Startup/startup_stm32g070rbtx.o
                0x0000000008000000                g_pfnVectors
                0x00000000080000b8                . = ALIGN (0x4)

.text           0x00000000080000c0     0x9ebc
                0x00000000080000c0                . = ALIGN (0x4)
 *(.text)
 .text          0x00000000080000c0       0x48 /Applications/STM32CubeIDE.app/Contents/Eclipse/plugins/com.st.stm32cube.ide.mcu.externaltools.gnu-tools-for-stm32.9-2020-q2-update.macos64_2.0.0.202105311346/tools/bin/../lib/gcc/arm-none-eabi/9.3.1/thumb/v6-m/nofp/crtbegin.o
 .text          0x0000000008000108       0x14 /Applications/STM32CubeIDE.app/Contents/Eclipse/plugins/com.st.stm32cube.ide.mcu.externaltools.gnu-tools-for-stm32.9-2020-q2-update.macos64_2.0.0.202105311346/tools/bin/../lib/gcc/arm-none-eabi/9.3.1/thumb/v6-m/nofp/libgcc.a(_thumb1_case_shi.o)
                0x0000000008000108                __gnu_thumb1_case_shi
 .text          0x000000000800011c      0x114 /Applications/STM32CubeIDE.app/Contents/Eclipse/plugins/com.st.stm32cube.ide.mcu.externaltools.gnu-tools-for-stm32.9-2020-q2-update.macos64_2.0.0.202105311346/tools/bin/../lib/gcc/arm-none-eabi/9.3.1/thumb/v6-m/nofp/libgcc.a(_udivsi3.o)
                0x000000000800011c                __udivsi3
                0x000000000800011c                __aeabi_uidiv
                0x0000000008000228                __aeabi_uidivmod
 .text          0x0000000008000230      0x1d4 /Applications/STM32CubeIDE.app/Contents/Eclipse/plugins/com.st.stm32cube.ide.mcu.externaltools.gnu-tools-for-stm32.9-2020-q2-update.macos64_2.0.0.202105311346/tools/bin/../lib/gcc/arm-none-eabi/9.3.1/thumb/v6-m/nofp/libgcc.a(_divsi3.o)
                0x0000000008000230                __aeabi_idiv
                0x0000000008000230                __divsi3
                0x00000000080003fc                __aeabi_idivmod
 .text          0x0000000008000404        0x4 /Applications/STM32CubeIDE.app/Contents/Eclipse/plugins/com.st.stm32cube.ide.mcu.externaltools.gnu-tools-for-stm32.9-2020-q2-update.macos64_2.0.0.202105311346/tools/bin/../lib/gcc/arm-none-eabi/9.3.1/thumb/v6-m/nofp/libgcc.a(_dvmd_tls.o)
                0x0000000008000404                __aeabi_ldiv0
                0x0000000008000404                __aeabi_idiv0
 *(.text*)
 .text.main     0x0000000008000408       0x16 ./Core/Src/main.o
                0x0000000008000408                main
 *fill*         0x000000000800041e        0x2 
 .text.launch_comm
                0x0000000008000420      0x1d8 ./Core/Src/nsprs_comm.o
                0x0000000008000420                launch_comm
 .text.init_hw  0x00000000080005f8        0xe ./Core/Src/nsprs_drivers.o
                0x00000000080005f8                init_hw
 .text.timer_readFreqKHz
                0x0000000008000606       0x1a ./Core/Src/nsprs_drivers.o
                0x0000000008000606                timer_readFreqKHz
 .text.timer_count
                0x0000000008000620       0x1e ./Core/Src/nsprs_drivers.o
                0x0000000008000620                timer_count
 *fill*         0x000000000800063e        0x2 
 .text.__NVIC_EnableIRQ
                0x0000000008000640       0x34 ./Core/Src/nsprs_platform_nucleo_g070rb.o
 .text.__NVIC_SetPriority
                0x0000000008000674       0xdc ./Core/Src/nsprs_platform_nucleo_g070rb.o
 .text.__NVIC_SetVector
                0x0000000008000750       0x34 ./Core/Src/nsprs_platform_nucleo_g070rb.o
 .text._platform_timer_readFreqKHz
                0x0000000008000784       0x28 ./Core/Src/nsprs_platform_nucleo_g070rb.o
                0x0000000008000784                _platform_timer_readFreqKHz
 .text._platform_timer_count
                0x00000000080007ac       0x8c ./Core/Src/nsprs_platform_nucleo_g070rb.o
                0x00000000080007ac                _platform_timer_count
 .text.HAL_TIM_PeriodElapsedCallback
                0x0000000008000838       0x70 ./Core/Src/nsprs_platform_nucleo_g070rb.o
                0x0000000008000838                HAL_TIM_PeriodElapsedCallback
 .text.EXTI0_1_IRQHandler
                0x00000000080008a8       0x68 ./Core/Src/nsprs_platform_nucleo_g070rb.o
                0x00000000080008a8                EXTI0_1_IRQHandler
 .text.EXTI2_3_IRQHandler
                0x0000000008000910       0xc0 ./Core/Src/nsprs_platform_nucleo_g070rb.o
                0x0000000008000910                EXTI2_3_IRQHandler
 .text.EXTI4_15_IRQHandler
                0x00000000080009d0      0x190 ./Core/Src/nsprs_platform_nucleo_g070rb.o
                0x00000000080009d0                EXTI4_15_IRQHandler
 .text._platform_init_hw
                0x0000000008000b60       0x2e ./Core/Src/nsprs_platform_nucleo_g070rb.o
                0x0000000008000b60                _platform_init_hw
 *fill*         0x0000000008000b8e        0x2 
 .text.MX_GPIO_Init
                0x0000000008000b90      0x154 ./Core/Src/nsprs_platform_nucleo_g070rb.o
 .text.SystemClock_Config
                0x0000000008000ce4       0xd0 ./Core/Src/nsprs_platform_nucleo_g070rb.o
                0x0000000008000ce4                SystemClock_Config
 .text.MX_USART1_UART_Init
                0x0000000008000db4       0x9c ./Core/Src/nsprs_platform_nucleo_g070rb.o
 .text.MX_USART2_UART_Init
                0x0000000008000e50       0x9c ./Core/Src/nsprs_platform_nucleo_g070rb.o
 .text.MX_USART3_UART_Init
                0x0000000008000eec       0x68 ./Core/Src/nsprs_platform_nucleo_g070rb.o
 .text.MX_TIM6_Init
                0x0000000008000f54       0x78 ./Core/Src/nsprs_platform_nucleo_g070rb.o
 .text.MX_TIM7_Init
                0x0000000008000fcc       0x7c ./Core/Src/nsprs_platform_nucleo_g070rb.o
 .text.MX_ADC1_Init
                0x0000000008001048       0xd4 ./Core/Src/nsprs_platform_nucleo_g070rb.o
 .text.__io_putchar
                0x000000000800111c       0x28 ./Core/Src/nsprs_platform_nucleo_g070rb.o
                0x000000000800111c                __io_putchar
 .text.Error_Handler
                0x0000000008001144        0xa ./Core/Src/nsprs_platform_nucleo_g070rb.o
                0x0000000008001144                Error_Handler
 *fill*         0x000000000800114e        0x2 
 .text.launch_ssTimer
                0x0000000008001150       0x30 ./Core/Src/nsprs_sys_srvc.o
                0x0000000008001150                launch_ssTimer
 .text.launch_dummy_tasks
                0x0000000008001180       0x78 ./Core/Src/nsprs_sys_srvc.o
                0x0000000008001180                launch_dummy_tasks
 .text.launch_ssAll
                0x00000000080011f8       0x12 ./Core/Src/nsprs_sys_srvc.o
                0x00000000080011f8                launch_ssAll
 *fill*         0x000000000800120a        0x2 
 .text.reset_timer
                0x000000000800120c       0x14 ./Core/Src/nsprs_sys_srvc.o
                0x000000000800120c                reset_timer
 .text.ssTimer_t
                0x0000000008001220      0x1e0 ./Core/Src/nsprs_sys_srvc.o
                0x0000000008001220                ssTimer_t
 .text.task_general
                0x0000000008001400       0xb0 ./Core/Src/nsprs_sys_srvc.o
                0x0000000008001400                task_general
 .text.TIM16_IRQHandler
                0x00000000080014b0      0x744 ./Core/Src/stm32_trg_driver.o
                0x00000000080014b0                TIM16_IRQHandler
 .text.TIM17_IRQHandler
                0x0000000008001bf4      0x744 ./Core/Src/stm32_trg_driver.o
                0x0000000008001bf4                TIM17_IRQHandler
 .text.TIM14_IRQHandler
                0x0000000008002338      0x744 ./Core/Src/stm32_trg_driver.o
                0x0000000008002338                TIM14_IRQHandler
 .text.TIM15_IRQHandler
                0x0000000008002a7c      0x744 ./Core/Src/stm32_trg_driver.o
                0x0000000008002a7c                TIM15_IRQHandler
 .text.HAL_MspInit
                0x00000000080031c0       0x60 ./Core/Src/stm32g0xx_hal_msp.o
                0x00000000080031c0                HAL_MspInit
 .text.HAL_ADC_MspInit
                0x0000000008003220       0x88 ./Core/Src/stm32g0xx_hal_msp.o
                0x0000000008003220                HAL_ADC_MspInit
 .text.HAL_TIM_Base_MspInit
                0x00000000080032a8      0x138 ./Core/Src/stm32g0xx_hal_msp.o
                0x00000000080032a8                HAL_TIM_Base_MspInit
 .text.HAL_UART_MspInit
                0x00000000080033e0      0x1d4 ./Core/Src/stm32g0xx_hal_msp.o
                0x00000000080033e0                HAL_UART_MspInit
 .text.NMI_Handler
                0x00000000080035b4        0x6 ./Core/Src/stm32g0xx_it.o
                0x00000000080035b4                NMI_Handler
 .text.HardFault_Handler
                0x00000000080035ba        0x6 ./Core/Src/stm32g0xx_it.o
                0x00000000080035ba                HardFault_Handler
 .text.SysTick_Handler
                0x00000000080035c0       0x1c ./Core/Src/stm32g0xx_it.o
                0x00000000080035c0                SysTick_Handler
 .text.TIM6_IRQHandler
                0x00000000080035dc       0x18 ./Core/Src/stm32g0xx_it.o
                0x00000000080035dc                TIM6_IRQHandler
 .text.TIM7_IRQHandler
                0x00000000080035f4       0x18 ./Core/Src/stm32g0xx_it.o
                0x00000000080035f4                TIM7_IRQHandler
 .text.USART3_4_IRQHandler
                0x000000000800360c       0x18 ./Core/Src/stm32g0xx_it.o
                0x000000000800360c                USART3_4_IRQHandler
 .text._read    0x0000000008003624       0x3a ./Core/Src/syscalls.o
                0x0000000008003624                _read
 .text._write   0x000000000800365e       0x38 ./Core/Src/syscalls.o
                0x000000000800365e                _write
 .text._close   0x0000000008003696       0x14 ./Core/Src/syscalls.o
                0x0000000008003696                _close
 .text._fstat   0x00000000080036aa       0x1c ./Core/Src/syscalls.o
                0x00000000080036aa                _fstat
 .text._isatty  0x00000000080036c6       0x12 ./Core/Src/syscalls.o
                0x00000000080036c6                _isatty
 .text._lseek   0x00000000080036d8       0x16 ./Core/Src/syscalls.o
                0x00000000080036d8                _lseek
 *fill*         0x00000000080036ee        0x2 
 .text._sbrk    0x00000000080036f0       0x6c ./Core/Src/sysmem.o
                0x00000000080036f0                _sbrk
 .text.SystemInit
                0x000000000800375c       0x18 ./Core/Src/system_stm32g0xx.o
                0x000000000800375c                SystemInit
 .text.Reset_Handler
                0x0000000008003774       0x50 ./Core/Startup/startup_stm32g070rbtx.o
                0x0000000008003774                Reset_Handler
 .text.Default_Handler
                0x00000000080037c4        0x2 ./Core/Startup/startup_stm32g070rbtx.o
                0x00000000080037c4                TIM1_BRK_UP_TRG_COM_IRQHandler
                0x00000000080037c4                I2C1_IRQHandler
                0x00000000080037c4                RTC_TAMP_IRQHandler
                0x00000000080037c4                SPI1_IRQHandler
                0x00000000080037c4                ADC1_IRQHandler
                0x00000000080037c4                I2C2_IRQHandler
                0x00000000080037c4                TIM3_IRQHandler
                0x00000000080037c4                RCC_IRQHandler
                0x00000000080037c4                DMA1_Channel1_IRQHandler
                0x00000000080037c4                Default_Handler
                0x00000000080037c4                SPI2_IRQHandler
                0x00000000080037c4                WWDG_IRQHandler
                0x00000000080037c4                DMA1_Ch4_7_DMAMUX1_OVR_IRQHandler
                0x00000000080037c4                DMA1_Channel2_3_IRQHandler
                0x00000000080037c4                USART2_IRQHandler
                0x00000000080037c4                FLASH_IRQHandler
                0x00000000080037c4                USART1_IRQHandler
                0x00000000080037c4                TIM1_CC_IRQHandler
 *fill*         0x00000000080037c6        0x2 
 .text.HAL_Init
                0x00000000080037c8       0x40 ./Drivers/STM32G0xx_HAL_Driver/Src/stm32g0xx_hal.o
                0x00000000080037c8                HAL_Init
 .text.HAL_InitTick
                0x0000000008003808       0x94 ./Drivers/STM32G0xx_HAL_Driver/Src/stm32g0xx_hal.o
                0x0000000008003808                HAL_InitTick
 .text.HAL_IncTick
                0x000000000800389c       0x24 ./Drivers/STM32G0xx_HAL_Driver/Src/stm32g0xx_hal.o
                0x000000000800389c                HAL_IncTick
 .text.HAL_GetTick
                0x00000000080038c0       0x14 ./Drivers/STM32G0xx_HAL_Driver/Src/stm32g0xx_hal.o
                0x00000000080038c0                HAL_GetTick
 .text.HAL_SYSCFG_StrobeDBattpinsConfig
                0x00000000080038d4       0x2c ./Drivers/STM32G0xx_HAL_Driver/Src/stm32g0xx_hal.o
                0x00000000080038d4                HAL_SYSCFG_StrobeDBattpinsConfig
 .text.LL_ADC_SetCommonPathInternalCh
                0x0000000008003900       0x28 ./Drivers/STM32G0xx_HAL_Driver/Src/stm32g0xx_hal_adc.o
 .text.LL_ADC_GetCommonPathInternalCh
                0x0000000008003928       0x1a ./Drivers/STM32G0xx_HAL_Driver/Src/stm32g0xx_hal_adc.o
 .text.LL_ADC_SetSamplingTimeCommonChannels
                0x0000000008003942       0x3a ./Drivers/STM32G0xx_HAL_Driver/Src/stm32g0xx_hal_adc.o
 .text.LL_ADC_REG_SetSequencerRanks
                0x000000000800397c       0x40 ./Drivers/STM32G0xx_HAL_Driver/Src/stm32g0xx_hal_adc.o
 .text.LL_ADC_REG_SetSequencerChAdd
                0x00000000080039bc       0x22 ./Drivers/STM32G0xx_HAL_Driver/Src/stm32g0xx_hal_adc.o
 .text.LL_ADC_REG_SetSequencerChRem
                0x00000000080039de       0x24 ./Drivers/STM32G0xx_HAL_Driver/Src/stm32g0xx_hal_adc.o
 *fill*         0x0000000008003a02        0x2 
 .text.LL_ADC_SetChannelSamplingTime
                0x0000000008003a04       0x38 ./Drivers/STM32G0xx_HAL_Driver/Src/stm32g0xx_hal_adc.o
 .text.LL_ADC_EnableInternalRegulator
                0x0000000008003a3c       0x28 ./Drivers/STM32G0xx_HAL_Driver/Src/stm32g0xx_hal_adc.o
 .text.LL_ADC_IsInternalRegulatorEnabled
                0x0000000008003a64       0x28 ./Drivers/STM32G0xx_HAL_Driver/Src/stm32g0xx_hal_adc.o
 .text.LL_ADC_IsEnabled
                0x0000000008003a8c       0x22 ./Drivers/STM32G0xx_HAL_Driver/Src/stm32g0xx_hal_adc.o
 .text.LL_ADC_REG_IsConversionOngoing
                0x0000000008003aae       0x22 ./Drivers/STM32G0xx_HAL_Driver/Src/stm32g0xx_hal_adc.o
 .text.HAL_ADC_Init
                0x0000000008003ad0      0x3b0 ./Drivers/STM32G0xx_HAL_Driver/Src/stm32g0xx_hal_adc.o
                0x0000000008003ad0                HAL_ADC_Init
 .text.HAL_ADC_ConfigChannel
                0x0000000008003e80      0x3b4 ./Drivers/STM32G0xx_HAL_Driver/Src/stm32g0xx_hal_adc.o
                0x0000000008003e80                HAL_ADC_ConfigChannel
 .text.__NVIC_EnableIRQ
                0x0000000008004234       0x34 ./Drivers/STM32G0xx_HAL_Driver/Src/stm32g0xx_hal_cortex.o
 .text.__NVIC_SetPriority
                0x0000000008004268       0xdc ./Drivers/STM32G0xx_HAL_Driver/Src/stm32g0xx_hal_cortex.o
 .text.SysTick_Config
                0x0000000008004344       0x48 ./Drivers/STM32G0xx_HAL_Driver/Src/stm32g0xx_hal_cortex.o
 .text.HAL_NVIC_SetPriority
                0x000000000800438c       0x2a ./Drivers/STM32G0xx_HAL_Driver/Src/stm32g0xx_hal_cortex.o
                0x000000000800438c                HAL_NVIC_SetPriority
 .text.HAL_NVIC_EnableIRQ
                0x00000000080043b6       0x20 ./Drivers/STM32G0xx_HAL_Driver/Src/stm32g0xx_hal_cortex.o
                0x00000000080043b6                HAL_NVIC_EnableIRQ
 .text.HAL_SYSTICK_Config
                0x00000000080043d6       0x1a ./Drivers/STM32G0xx_HAL_Driver/Src/stm32g0xx_hal_cortex.o
                0x00000000080043d6                HAL_SYSTICK_Config
 .text.HAL_DMA_Abort
                0x00000000080043f0       0xc4 ./Drivers/STM32G0xx_HAL_Driver/Src/stm32g0xx_hal_dma.o
                0x00000000080043f0                HAL_DMA_Abort
 .text.HAL_DMA_Abort_IT
                0x00000000080044b4       0xd4 ./Drivers/STM32G0xx_HAL_Driver/Src/stm32g0xx_hal_dma.o
                0x00000000080044b4                HAL_DMA_Abort_IT
 .text.HAL_GPIO_Init
                0x0000000008004588      0x2c8 ./Drivers/STM32G0xx_HAL_Driver/Src/stm32g0xx_hal_gpio.o
                0x0000000008004588                HAL_GPIO_Init
 .text.HAL_GPIO_WritePin
                0x0000000008004850       0x3a ./Drivers/STM32G0xx_HAL_Driver/Src/stm32g0xx_hal_gpio.o
                0x0000000008004850                HAL_GPIO_WritePin
 *fill*         0x000000000800488a        0x2 
 .text.HAL_PWREx_ControlVoltageScaling
                0x000000000800488c       0x80 ./Drivers/STM32G0xx_HAL_Driver/Src/stm32g0xx_hal_pwr_ex.o
                0x000000000800488c                HAL_PWREx_ControlVoltageScaling
 .text.LL_RCC_GetAPB1Prescaler
                0x000000000800490c       0x18 ./Drivers/STM32G0xx_HAL_Driver/Src/stm32g0xx_hal_rcc.o
 .text.HAL_RCC_OscConfig
                0x0000000008004924      0x62c ./Drivers/STM32G0xx_HAL_Driver/Src/stm32g0xx_hal_rcc.o
                0x0000000008004924                HAL_RCC_OscConfig
 .text.HAL_RCC_ClockConfig
                0x0000000008004f50      0x210 ./Drivers/STM32G0xx_HAL_Driver/Src/stm32g0xx_hal_rcc.o
                0x0000000008004f50                HAL_RCC_ClockConfig
 .text.HAL_RCC_GetSysClockFreq
                0x0000000008005160      0x104 ./Drivers/STM32G0xx_HAL_Driver/Src/stm32g0xx_hal_rcc.o
                0x0000000008005160                HAL_RCC_GetSysClockFreq
 .text.HAL_RCC_GetHCLKFreq
                0x0000000008005264       0x14 ./Drivers/STM32G0xx_HAL_Driver/Src/stm32g0xx_hal_rcc.o
                0x0000000008005264                HAL_RCC_GetHCLKFreq
 .text.HAL_RCC_GetPCLK1Freq
                0x0000000008005278       0x2c ./Drivers/STM32G0xx_HAL_Driver/Src/stm32g0xx_hal_rcc.o
                0x0000000008005278                HAL_RCC_GetPCLK1Freq
 .text.HAL_RCCEx_PeriphCLKConfig
                0x00000000080052a4      0x268 ./Drivers/STM32G0xx_HAL_Driver/Src/stm32g0xx_hal_rcc_ex.o
                0x00000000080052a4                HAL_RCCEx_PeriphCLKConfig
 .text.HAL_TIM_Base_Init
                0x000000000800550c       0xb0 ./Drivers/STM32G0xx_HAL_Driver/Src/stm32g0xx_hal_tim.o
                0x000000000800550c                HAL_TIM_Base_Init
 .text.HAL_TIM_Base_Start_IT
                0x00000000080055bc       0xac ./Drivers/STM32G0xx_HAL_Driver/Src/stm32g0xx_hal_tim.o
                0x00000000080055bc                HAL_TIM_Base_Start_IT
 .text.HAL_TIM_IRQHandler
                0x0000000008005668      0x264 ./Drivers/STM32G0xx_HAL_Driver/Src/stm32g0xx_hal_tim.o
                0x0000000008005668                HAL_TIM_IRQHandler
 .text.HAL_TIM_OC_DelayElapsedCallback
                0x00000000080058cc       0x10 ./Drivers/STM32G0xx_HAL_Driver/Src/stm32g0xx_hal_tim.o
                0x00000000080058cc                HAL_TIM_OC_DelayElapsedCallback
 .text.HAL_TIM_IC_CaptureCallback
                0x00000000080058dc       0x10 ./Drivers/STM32G0xx_HAL_Driver/Src/stm32g0xx_hal_tim.o
                0x00000000080058dc                HAL_TIM_IC_CaptureCallback
 .text.HAL_TIM_PWM_PulseFinishedCallback
                0x00000000080058ec       0x10 ./Drivers/STM32G0xx_HAL_Driver/Src/stm32g0xx_hal_tim.o
                0x00000000080058ec                HAL_TIM_PWM_PulseFinishedCallback
 .text.HAL_TIM_TriggerCallback
                0x00000000080058fc       0x10 ./Drivers/STM32G0xx_HAL_Driver/Src/stm32g0xx_hal_tim.o
                0x00000000080058fc                HAL_TIM_TriggerCallback
 .text.TIM_Base_SetConfig
                0x000000000800590c       0xec ./Drivers/STM32G0xx_HAL_Driver/Src/stm32g0xx_hal_tim.o
                0x000000000800590c                TIM_Base_SetConfig
 .text.HAL_TIMEx_MasterConfigSynchronization
                0x00000000080059f8       0xd0 ./Drivers/STM32G0xx_HAL_Driver/Src/stm32g0xx_hal_tim_ex.o
                0x00000000080059f8                HAL_TIMEx_MasterConfigSynchronization
 .text.HAL_TIMEx_CommutCallback
                0x0000000008005ac8       0x10 ./Drivers/STM32G0xx_HAL_Driver/Src/stm32g0xx_hal_tim_ex.o
                0x0000000008005ac8                HAL_TIMEx_CommutCallback
 .text.HAL_TIMEx_BreakCallback
                0x0000000008005ad8       0x10 ./Drivers/STM32G0xx_HAL_Driver/Src/stm32g0xx_hal_tim_ex.o
                0x0000000008005ad8                HAL_TIMEx_BreakCallback
 .text.HAL_TIMEx_Break2Callback
                0x0000000008005ae8       0x10 ./Drivers/STM32G0xx_HAL_Driver/Src/stm32g0xx_hal_tim_ex.o
                0x0000000008005ae8                HAL_TIMEx_Break2Callback
 .text.HAL_UART_Init
                0x0000000008005af8       0xac ./Drivers/STM32G0xx_HAL_Driver/Src/stm32g0xx_hal_uart.o
                0x0000000008005af8                HAL_UART_Init
 .text.HAL_UART_Transmit
                0x0000000008005ba4      0x156 ./Drivers/STM32G0xx_HAL_Driver/Src/stm32g0xx_hal_uart.o
                0x0000000008005ba4                HAL_UART_Transmit
 *fill*         0x0000000008005cfa        0x2 
 .text.HAL_UART_IRQHandler
                0x0000000008005cfc      0x470 ./Drivers/STM32G0xx_HAL_Driver/Src/stm32g0xx_hal_uart.o
                0x0000000008005cfc                HAL_UART_IRQHandler
 .text.HAL_UART_TxCpltCallback
                0x000000000800616c       0x10 ./Drivers/STM32G0xx_HAL_Driver/Src/stm32g0xx_hal_uart.o
                0x000000000800616c                HAL_UART_TxCpltCallback
 .text.HAL_UART_ErrorCallback
                0x000000000800617c       0x10 ./Drivers/STM32G0xx_HAL_Driver/Src/stm32g0xx_hal_uart.o
                0x000000000800617c                HAL_UART_ErrorCallback
 .text.HAL_UARTEx_RxEventCallback
                0x000000000800618c       0x16 ./Drivers/STM32G0xx_HAL_Driver/Src/stm32g0xx_hal_uart.o
                0x000000000800618c                HAL_UARTEx_RxEventCallback
 *fill*         0x00000000080061a2        0x2 
 .text.UART_SetConfig
                0x00000000080061a4      0x354 ./Drivers/STM32G0xx_HAL_Driver/Src/stm32g0xx_hal_uart.o
                0x00000000080061a4                UART_SetConfig
 .text.UART_AdvFeatureConfig
                0x00000000080064f8      0x168 ./Drivers/STM32G0xx_HAL_Driver/Src/stm32g0xx_hal_uart.o
                0x00000000080064f8                UART_AdvFeatureConfig
 .text.UART_CheckIdleState
                0x0000000008006660       0x94 ./Drivers/STM32G0xx_HAL_Driver/Src/stm32g0xx_hal_uart.o
                0x0000000008006660                UART_CheckIdleState
 .text.UART_WaitOnFlagUntilTimeout
                0x00000000080066f4      0x104 ./Drivers/STM32G0xx_HAL_Driver/Src/stm32g0xx_hal_uart.o
                0x00000000080066f4                UART_WaitOnFlagUntilTimeout
 .text.UART_EndRxTransfer
                0x00000000080067f8       0x64 ./Drivers/STM32G0xx_HAL_Driver/Src/stm32g0xx_hal_uart.o
 .text.UART_DMAAbortOnError
                0x000000000800685c       0x2e ./Drivers/STM32G0xx_HAL_Driver/Src/stm32g0xx_hal_uart.o
 .text.UART_EndTransmit_IT
                0x000000000800688a       0x36 ./Drivers/STM32G0xx_HAL_Driver/Src/stm32g0xx_hal_uart.o
 .text.HAL_UARTEx_WakeupCallback
                0x00000000080068c0       0x10 ./Drivers/STM32G0xx_HAL_Driver/Src/stm32g0xx_hal_uart_ex.o
                0x00000000080068c0                HAL_UARTEx_WakeupCallback
 .text.HAL_UARTEx_RxFifoFullCallback
                0x00000000080068d0       0x10 ./Drivers/STM32G0xx_HAL_Driver/Src/stm32g0xx_hal_uart_ex.o
                0x00000000080068d0                HAL_UARTEx_RxFifoFullCallback
 .text.HAL_UARTEx_TxFifoEmptyCallback
                0x00000000080068e0       0x10 ./Drivers/STM32G0xx_HAL_Driver/Src/stm32g0xx_hal_uart_ex.o
                0x00000000080068e0                HAL_UARTEx_TxFifoEmptyCallback
 .text.HAL_UARTEx_DisableFifoMode
                0x00000000080068f0       0x74 ./Drivers/STM32G0xx_HAL_Driver/Src/stm32g0xx_hal_uart_ex.o
                0x00000000080068f0                HAL_UARTEx_DisableFifoMode
 .text.HAL_UARTEx_SetTxFifoThreshold
                0x0000000008006964       0x7e ./Drivers/STM32G0xx_HAL_Driver/Src/stm32g0xx_hal_uart_ex.o
                0x0000000008006964                HAL_UARTEx_SetTxFifoThreshold
 *fill*         0x00000000080069e2        0x2 
 .text.HAL_UARTEx_SetRxFifoThreshold
                0x00000000080069e4       0x84 ./Drivers/STM32G0xx_HAL_Driver/Src/stm32g0xx_hal_uart_ex.o
                0x00000000080069e4                HAL_UARTEx_SetRxFifoThreshold
 .text.UARTEx_SetNbDataToProcess
                0x0000000008006a68       0xd4 ./Drivers/STM32G0xx_HAL_Driver/Src/stm32g0xx_hal_uart_ex.o
 .text.vListInitialise
                0x0000000008006b3c       0x3c ./Middlewares/Third_Party/FreeRTOS/Source/list.o
                0x0000000008006b3c                vListInitialise
 .text.vListInitialiseItem
                0x0000000008006b78       0x16 ./Middlewares/Third_Party/FreeRTOS/Source/list.o
                0x0000000008006b78                vListInitialiseItem
 .text.vListInsertEnd
                0x0000000008006b8e       0x44 ./Middlewares/Third_Party/FreeRTOS/Source/list.o
                0x0000000008006b8e                vListInsertEnd
 .text.vListInsert
                0x0000000008006bd2       0x6c ./Middlewares/Third_Party/FreeRTOS/Source/list.o
                0x0000000008006bd2                vListInsert
 .text.uxListRemove
                0x0000000008006c3e       0x50 ./Middlewares/Third_Party/FreeRTOS/Source/list.o
                0x0000000008006c3e                uxListRemove
 .text.xQueueGenericReset
                0x0000000008006c8e       0xa8 ./Middlewares/Third_Party/FreeRTOS/Source/queue.o
                0x0000000008006c8e                xQueueGenericReset
 .text.xQueueGenericCreate
                0x0000000008006d36       0x5c ./Middlewares/Third_Party/FreeRTOS/Source/queue.o
                0x0000000008006d36                xQueueGenericCreate
 .text.prvInitialiseNewQueue
                0x0000000008006d92       0x44 ./Middlewares/Third_Party/FreeRTOS/Source/queue.o
 .text.xQueueGenericSend
                0x0000000008006dd6      0x188 ./Middlewares/Third_Party/FreeRTOS/Source/queue.o
                0x0000000008006dd6                xQueueGenericSend
 .text.xQueueGenericSendFromISR
                0x0000000008006f5e       0xe8 ./Middlewares/Third_Party/FreeRTOS/Source/queue.o
                0x0000000008006f5e                xQueueGenericSendFromISR
 .text.xQueueReceive
                0x0000000008007046      0x16a ./Middlewares/Third_Party/FreeRTOS/Source/queue.o
                0x0000000008007046                xQueueReceive
 .text.prvCopyDataToQueue
                0x00000000080071b0       0xb8 ./Middlewares/Third_Party/FreeRTOS/Source/queue.o
 .text.prvCopyDataFromQueue
                0x0000000008007268       0x4c ./Middlewares/Third_Party/FreeRTOS/Source/queue.o
 .text.prvUnlockQueue
                0x00000000080072b4       0xbc ./Middlewares/Third_Party/FreeRTOS/Source/queue.o
 .text.prvIsQueueEmpty
                0x0000000008007370       0x2c ./Middlewares/Third_Party/FreeRTOS/Source/queue.o
 .text.prvIsQueueFull
                0x000000000800739c       0x30 ./Middlewares/Third_Party/FreeRTOS/Source/queue.o
 .text.vQueueAddToRegistry
                0x00000000080073cc       0x50 ./Middlewares/Third_Party/FreeRTOS/Source/queue.o
                0x00000000080073cc                vQueueAddToRegistry
 .text.vQueueWaitForMessageRestricted
                0x000000000800741c       0x66 ./Middlewares/Third_Party/FreeRTOS/Source/queue.o
                0x000000000800741c                vQueueWaitForMessageRestricted
 .text.xTaskCreate
                0x0000000008007482       0x94 ./Middlewares/Third_Party/FreeRTOS/Source/tasks.o
                0x0000000008007482                xTaskCreate
 *fill*         0x0000000008007516        0x2 
 .text.prvInitialiseNewTask
                0x0000000008007518      0x144 ./Middlewares/Third_Party/FreeRTOS/Source/tasks.o
 .text.prvAddNewTaskToReadyList
                0x000000000800765c       0xec ./Middlewares/Third_Party/FreeRTOS/Source/tasks.o
 .text.uxTaskDeadlineAbsGet
                0x0000000008007748       0x34 ./Middlewares/Third_Party/FreeRTOS/Source/tasks.o
                0x0000000008007748                uxTaskDeadlineAbsGet
 .text.vTaskSuspend
                0x000000000800777c       0xcc ./Middlewares/Third_Party/FreeRTOS/Source/tasks.o
                0x000000000800777c                vTaskSuspend
 .text.prvTaskIsTaskSuspended
                0x0000000008007848       0x4c ./Middlewares/Third_Party/FreeRTOS/Source/tasks.o
 .text.vTaskResume
                0x0000000008007894       0xc0 ./Middlewares/Third_Party/FreeRTOS/Source/tasks.o
                0x0000000008007894                vTaskResume
 .text.xTaskResumeFromISR
                0x0000000008007954       0xe0 ./Middlewares/Third_Party/FreeRTOS/Source/tasks.o
                0x0000000008007954                xTaskResumeFromISR
 .text.vTaskStartScheduler
                0x0000000008007a34       0x80 ./Middlewares/Third_Party/FreeRTOS/Source/tasks.o
                0x0000000008007a34                vTaskStartScheduler
 .text.vTaskSuspendAll
                0x0000000008007ab4       0x18 ./Middlewares/Third_Party/FreeRTOS/Source/tasks.o
                0x0000000008007ab4                vTaskSuspendAll
 .text.xTaskResumeAll
                0x0000000008007acc      0x13c ./Middlewares/Third_Party/FreeRTOS/Source/tasks.o
                0x0000000008007acc                xTaskResumeAll
 .text.xTaskGetTickCount
                0x0000000008007c08       0x1c ./Middlewares/Third_Party/FreeRTOS/Source/tasks.o
                0x0000000008007c08                xTaskGetTickCount
 .text.xTaskIncrementTick
                0x0000000008007c24      0x180 ./Middlewares/Third_Party/FreeRTOS/Source/tasks.o
                0x0000000008007c24                xTaskIncrementTick
 .text.vTaskSwitchContext
                0x0000000008007da4       0xa4 ./Middlewares/Third_Party/FreeRTOS/Source/tasks.o
                0x0000000008007da4                vTaskSwitchContext
 .text.vTaskPlaceOnEventList
                0x0000000008007e48       0x3c ./Middlewares/Third_Party/FreeRTOS/Source/tasks.o
                0x0000000008007e48                vTaskPlaceOnEventList
 .text.vTaskPlaceOnEventListRestricted
                0x0000000008007e84       0x4c ./Middlewares/Third_Party/FreeRTOS/Source/tasks.o
                0x0000000008007e84                vTaskPlaceOnEventListRestricted
 .text.xTaskRemoveFromEventList
                0x0000000008007ed0       0xdc ./Middlewares/Third_Party/FreeRTOS/Source/tasks.o
                0x0000000008007ed0                xTaskRemoveFromEventList
 .text.vTaskInternalSetTimeOutState
                0x0000000008007fac       0x28 ./Middlewares/Third_Party/FreeRTOS/Source/tasks.o
                0x0000000008007fac                vTaskInternalSetTimeOutState
 .text.xTaskCheckForTimeOut
                0x0000000008007fd4       0xc0 ./Middlewares/Third_Party/FreeRTOS/Source/tasks.o
                0x0000000008007fd4                xTaskCheckForTimeOut
 .text.vTaskMissedYield
                0x0000000008008094       0x14 ./Middlewares/Third_Party/FreeRTOS/Source/tasks.o
                0x0000000008008094                vTaskMissedYield
 .text.prvIdleTask
                0x00000000080080a8       0x20 ./Middlewares/Third_Party/FreeRTOS/Source/tasks.o
 .text.prvInitialiseTaskLists
                0x00000000080080c8       0x88 ./Middlewares/Third_Party/FreeRTOS/Source/tasks.o
 .text.prvCheckTasksWaitingTermination
                0x0000000008008150       0x5c ./Middlewares/Third_Party/FreeRTOS/Source/tasks.o
 .text.prvDeleteTCB
                0x00000000080081ac       0x22 ./Middlewares/Third_Party/FreeRTOS/Source/tasks.o
 *fill*         0x00000000080081ce        0x2 
 .text.prvResetNextTaskUnblockTime
                0x00000000080081d0       0x3c ./Middlewares/Third_Party/FreeRTOS/Source/tasks.o
 .text.xTaskGetSchedulerState
                0x000000000800820c       0x38 ./Middlewares/Third_Party/FreeRTOS/Source/tasks.o
                0x000000000800820c                xTaskGetSchedulerState
 .text.prvAddCurrentTaskToDelayedList
                0x0000000008008244       0xb4 ./Middlewares/Third_Party/FreeRTOS/Source/tasks.o
 .text.xTimerCreateTimerTask
                0x00000000080082f8       0x5c ./Middlewares/Third_Party/FreeRTOS/Source/timers.o
                0x00000000080082f8                xTimerCreateTimerTask
 .text.xTimerGenericCommand
                0x0000000008008354       0x94 ./Middlewares/Third_Party/FreeRTOS/Source/timers.o
                0x0000000008008354                xTimerGenericCommand
 .text.prvProcessExpiredTimer
                0x00000000080083e8       0x88 ./Middlewares/Third_Party/FreeRTOS/Source/timers.o
 .text.prvTimerTask
                0x0000000008008470       0x28 ./Middlewares/Third_Party/FreeRTOS/Source/timers.o
 .text.prvProcessTimerOrBlockTask
                0x0000000008008498       0x90 ./Middlewares/Third_Party/FreeRTOS/Source/timers.o
 .text.prvGetNextExpireTime
                0x0000000008008528       0x44 ./Middlewares/Third_Party/FreeRTOS/Source/timers.o
 .text.prvSampleTimeNow
                0x000000000800856c       0x40 ./Middlewares/Third_Party/FreeRTOS/Source/timers.o
 .text.prvInsertTimerInActiveList
                0x00000000080085ac       0x84 ./Middlewares/Third_Party/FreeRTOS/Source/timers.o
 .text.prvProcessReceivedCommands
                0x0000000008008630      0x18c ./Middlewares/Third_Party/FreeRTOS/Source/timers.o
 .text.prvSwitchTimerLists
                0x00000000080087bc       0xbc ./Middlewares/Third_Party/FreeRTOS/Source/timers.o
 .text.prvCheckForValidListAndQueue
                0x0000000008008878       0x74 ./Middlewares/Third_Party/FreeRTOS/Source/timers.o
 .text.pxPortInitialiseStack
                0x00000000080088ec       0x54 ./Middlewares/Third_Party/FreeRTOS/Source/portable/GCC/ARM_CM0/port.o
                0x00000000080088ec                pxPortInitialiseStack
 .text.prvTaskExitError
                0x0000000008008940       0x30 ./Middlewares/Third_Party/FreeRTOS/Source/portable/GCC/ARM_CM0/port.o
 .text.SVC_Handler
                0x0000000008008970        0xa ./Middlewares/Third_Party/FreeRTOS/Source/portable/GCC/ARM_CM0/port.o
                0x0000000008008970                SVC_Handler
 *fill*         0x000000000800897a        0x6 
 .text.vPortStartFirstTask
                0x0000000008008980       0x38 ./Middlewares/Third_Party/FreeRTOS/Source/portable/GCC/ARM_CM0/port.o
 .text.xPortStartScheduler
                0x00000000080089b8       0x48 ./Middlewares/Third_Party/FreeRTOS/Source/portable/GCC/ARM_CM0/port.o
                0x00000000080089b8                xPortStartScheduler
 .text.vPortYield
                0x0000000008008a00       0x20 ./Middlewares/Third_Party/FreeRTOS/Source/portable/GCC/ARM_CM0/port.o
                0x0000000008008a00                vPortYield
 .text.vPortEnterCritical
                0x0000000008008a20       0x24 ./Middlewares/Third_Party/FreeRTOS/Source/portable/GCC/ARM_CM0/port.o
                0x0000000008008a20                vPortEnterCritical
 .text.vPortExitCritical
                0x0000000008008a44       0x30 ./Middlewares/Third_Party/FreeRTOS/Source/portable/GCC/ARM_CM0/port.o
                0x0000000008008a44                vPortExitCritical
 .text.ulSetInterruptMaskFromISR
                0x0000000008008a74        0xc ./Middlewares/Third_Party/FreeRTOS/Source/portable/GCC/ARM_CM0/port.o
                0x0000000008008a74                ulSetInterruptMaskFromISR
 .text.vClearInterruptMaskFromISR
                0x0000000008008a80        0x8 ./Middlewares/Third_Party/FreeRTOS/Source/portable/GCC/ARM_CM0/port.o
                0x0000000008008a80                vClearInterruptMaskFromISR
 *fill*         0x0000000008008a88        0x8 
 .text.PendSV_Handler
                0x0000000008008a90       0x48 ./Middlewares/Third_Party/FreeRTOS/Source/portable/GCC/ARM_CM0/port.o
                0x0000000008008a90                PendSV_Handler
 .text.xPortSysTickHandler
                0x0000000008008ad8       0x34 ./Middlewares/Third_Party/FreeRTOS/Source/portable/GCC/ARM_CM0/port.o
                0x0000000008008ad8                xPortSysTickHandler
 .text.vPortSetupTimerInterrupt
                0x0000000008008b0c       0x48 ./Middlewares/Third_Party/FreeRTOS/Source/portable/GCC/ARM_CM0/port.o
                0x0000000008008b0c                vPortSetupTimerInterrupt
 .text.pvPortMalloc
                0x0000000008008b54      0x158 ./Middlewares/Third_Party/FreeRTOS/Source/portable/MemMang/heap_4.o
                0x0000000008008b54                pvPortMalloc
 .text.vPortFree
                0x0000000008008cac       0x9c ./Middlewares/Third_Party/FreeRTOS/Source/portable/MemMang/heap_4.o
                0x0000000008008cac                vPortFree
 .text.prvHeapInit
                0x0000000008008d48       0xc0 ./Middlewares/Third_Party/FreeRTOS/Source/portable/MemMang/heap_4.o
 .text.prvInsertBlockIntoFreeList
                0x0000000008008e08       0xb0 ./Middlewares/Third_Party/FreeRTOS/Source/portable/MemMang/heap_4.o
 .text.__errno  0x0000000008008eb8        0xc /Applications/STM32CubeIDE.app/Contents/Eclipse/plugins/com.st.stm32cube.ide.mcu.externaltools.gnu-tools-for-stm32.9-2020-q2-update.macos64_2.0.0.202105311346/tools/bin/../lib/gcc/arm-none-eabi/9.3.1/../../../../arm-none-eabi/lib/thumb/v6-m/nofp/libc_nano.a(lib_a-errno.o)
                0x0000000008008eb8                __errno
 .text.__libc_init_array
                0x0000000008008ec4       0x48 /Applications/STM32CubeIDE.app/Contents/Eclipse/plugins/com.st.stm32cube.ide.mcu.externaltools.gnu-tools-for-stm32.9-2020-q2-update.macos64_2.0.0.202105311346/tools/bin/../lib/gcc/arm-none-eabi/9.3.1/../../../../arm-none-eabi/lib/thumb/v6-m/nofp/libc_nano.a(lib_a-init.o)
                0x0000000008008ec4                __libc_init_array
 .text.memcpy   0x0000000008008f0c       0x12 /Applications/STM32CubeIDE.app/Contents/Eclipse/plugins/com.st.stm32cube.ide.mcu.externaltools.gnu-tools-for-stm32.9-2020-q2-update.macos64_2.0.0.202105311346/tools/bin/../lib/gcc/arm-none-eabi/9.3.1/../../../../arm-none-eabi/lib/thumb/v6-m/nofp/libc_nano.a(lib_a-memcpy-stub.o)
                0x0000000008008f0c                memcpy
 .text.memset   0x0000000008008f1e       0x10 /Applications/STM32CubeIDE.app/Contents/Eclipse/plugins/com.st.stm32cube.ide.mcu.externaltools.gnu-tools-for-stm32.9-2020-q2-update.macos64_2.0.0.202105311346/tools/bin/../lib/gcc/arm-none-eabi/9.3.1/../../../../arm-none-eabi/lib/thumb/v6-m/nofp/libc_nano.a(lib_a-memset.o)
                0x0000000008008f1e                memset
 *fill*         0x0000000008008f2e        0x2 
 .text.printf   0x0000000008008f30       0x34 /Applications/STM32CubeIDE.app/Contents/Eclipse/plugins/com.st.stm32cube.ide.mcu.externaltools.gnu-tools-for-stm32.9-2020-q2-update.macos64_2.0.0.202105311346/tools/bin/../lib/gcc/arm-none-eabi/9.3.1/../../../../arm-none-eabi/lib/thumb/v6-m/nofp/libc_nano.a(lib_a-printf.o)
                0x0000000008008f30                printf
                0x0000000008008f30                iprintf
 .text._puts_r  0x0000000008008f64       0xe4 /Applications/STM32CubeIDE.app/Contents/Eclipse/plugins/com.st.stm32cube.ide.mcu.externaltools.gnu-tools-for-stm32.9-2020-q2-update.macos64_2.0.0.202105311346/tools/bin/../lib/gcc/arm-none-eabi/9.3.1/../../../../arm-none-eabi/lib/thumb/v6-m/nofp/libc_nano.a(lib_a-puts.o)
                0x0000000008008f64                _puts_r
 .text.puts     0x0000000008009048       0x14 /Applications/STM32CubeIDE.app/Contents/Eclipse/plugins/com.st.stm32cube.ide.mcu.externaltools.gnu-tools-for-stm32.9-2020-q2-update.macos64_2.0.0.202105311346/tools/bin/../lib/gcc/arm-none-eabi/9.3.1/../../../../arm-none-eabi/lib/thumb/v6-m/nofp/libc_nano.a(lib_a-puts.o)
                0x0000000008009048                puts
 .text.__swbuf_r
                0x000000000800905c       0xac /Applications/STM32CubeIDE.app/Contents/Eclipse/plugins/com.st.stm32cube.ide.mcu.externaltools.gnu-tools-for-stm32.9-2020-q2-update.macos64_2.0.0.202105311346/tools/bin/../lib/gcc/arm-none-eabi/9.3.1/../../../../arm-none-eabi/lib/thumb/v6-m/nofp/libc_nano.a(lib_a-wbuf.o)
                0x000000000800905c                __swbuf_r
 .text.__swsetup_r
                0x0000000008009108       0xf0 /Applications/STM32CubeIDE.app/Contents/Eclipse/plugins/com.st.stm32cube.ide.mcu.externaltools.gnu-tools-for-stm32.9-2020-q2-update.macos64_2.0.0.202105311346/tools/bin/../lib/gcc/arm-none-eabi/9.3.1/../../../../arm-none-eabi/lib/thumb/v6-m/nofp/libc_nano.a(lib_a-wsetup.o)
                0x0000000008009108                __swsetup_r
 .text.__sflush_r
                0x00000000080091f8      0x118 /Applications/STM32CubeIDE.app/Contents/Eclipse/plugins/com.st.stm32cube.ide.mcu.externaltools.gnu-tools-for-stm32.9-2020-q2-update.macos64_2.0.0.202105311346/tools/bin/../lib/gcc/arm-none-eabi/9.3.1/../../../../arm-none-eabi/lib/thumb/v6-m/nofp/libc_nano.a(lib_a-fflush.o)
                0x00000000080091f8                __sflush_r
 .text._fflush_r
                0x0000000008009310       0x80 /Applications/STM32CubeIDE.app/Contents/Eclipse/plugins/com.st.stm32cube.ide.mcu.externaltools.gnu-tools-for-stm32.9-2020-q2-update.macos64_2.0.0.202105311346/tools/bin/../lib/gcc/arm-none-eabi/9.3.1/../../../../arm-none-eabi/lib/thumb/v6-m/nofp/libc_nano.a(lib_a-fflush.o)
                0x0000000008009310                _fflush_r
 .text.std      0x0000000008009390       0x48 /Applications/STM32CubeIDE.app/Contents/Eclipse/plugins/com.st.stm32cube.ide.mcu.externaltools.gnu-tools-for-stm32.9-2020-q2-update.macos64_2.0.0.202105311346/tools/bin/../lib/gcc/arm-none-eabi/9.3.1/../../../../arm-none-eabi/lib/thumb/v6-m/nofp/libc_nano.a(lib_a-findfp.o)
 .text._cleanup_r
                0x00000000080093d8       0x10 /Applications/STM32CubeIDE.app/Contents/Eclipse/plugins/com.st.stm32cube.ide.mcu.externaltools.gnu-tools-for-stm32.9-2020-q2-update.macos64_2.0.0.202105311346/tools/bin/../lib/gcc/arm-none-eabi/9.3.1/../../../../arm-none-eabi/lib/thumb/v6-m/nofp/libc_nano.a(lib_a-findfp.o)
                0x00000000080093d8                _cleanup_r
 .text.__sfmoreglue
                0x00000000080093e8       0x2c /Applications/STM32CubeIDE.app/Contents/Eclipse/plugins/com.st.stm32cube.ide.mcu.externaltools.gnu-tools-for-stm32.9-2020-q2-update.macos64_2.0.0.202105311346/tools/bin/../lib/gcc/arm-none-eabi/9.3.1/../../../../arm-none-eabi/lib/thumb/v6-m/nofp/libc_nano.a(lib_a-findfp.o)
                0x00000000080093e8                __sfmoreglue
 .text.__sfp_lock_acquire
                0x0000000008009414       0x10 /Applications/STM32CubeIDE.app/Contents/Eclipse/plugins/com.st.stm32cube.ide.mcu.externaltools.gnu-tools-for-stm32.9-2020-q2-update.macos64_2.0.0.202105311346/tools/bin/../lib/gcc/arm-none-eabi/9.3.1/../../../../arm-none-eabi/lib/thumb/v6-m/nofp/libc_nano.a(lib_a-findfp.o)
                0x0000000008009414                __sfp_lock_acquire
 .text.__sfp_lock_release
                0x0000000008009424       0x10 /Applications/STM32CubeIDE.app/Contents/Eclipse/plugins/com.st.stm32cube.ide.mcu.externaltools.gnu-tools-for-stm32.9-2020-q2-update.macos64_2.0.0.202105311346/tools/bin/../lib/gcc/arm-none-eabi/9.3.1/../../../../arm-none-eabi/lib/thumb/v6-m/nofp/libc_nano.a(lib_a-findfp.o)
                0x0000000008009424                __sfp_lock_release
 .text.__sinit_lock_acquire
                0x0000000008009434       0x10 /Applications/STM32CubeIDE.app/Contents/Eclipse/plugins/com.st.stm32cube.ide.mcu.externaltools.gnu-tools-for-stm32.9-2020-q2-update.macos64_2.0.0.202105311346/tools/bin/../lib/gcc/arm-none-eabi/9.3.1/../../../../arm-none-eabi/lib/thumb/v6-m/nofp/libc_nano.a(lib_a-findfp.o)
                0x0000000008009434                __sinit_lock_acquire
 .text.__sinit_lock_release
                0x0000000008009444       0x10 /Applications/STM32CubeIDE.app/Contents/Eclipse/plugins/com.st.stm32cube.ide.mcu.externaltools.gnu-tools-for-stm32.9-2020-q2-update.macos64_2.0.0.202105311346/tools/bin/../lib/gcc/arm-none-eabi/9.3.1/../../../../arm-none-eabi/lib/thumb/v6-m/nofp/libc_nano.a(lib_a-findfp.o)
                0x0000000008009444                __sinit_lock_release
 .text.__sinit  0x0000000008009454       0x70 /Applications/STM32CubeIDE.app/Contents/Eclipse/plugins/com.st.stm32cube.ide.mcu.externaltools.gnu-tools-for-stm32.9-2020-q2-update.macos64_2.0.0.202105311346/tools/bin/../lib/gcc/arm-none-eabi/9.3.1/../../../../arm-none-eabi/lib/thumb/v6-m/nofp/libc_nano.a(lib_a-findfp.o)
                0x0000000008009454                __sinit
 .text.__sfp    0x00000000080094c4       0x90 /Applications/STM32CubeIDE.app/Contents/Eclipse/plugins/com.st.stm32cube.ide.mcu.externaltools.gnu-tools-for-stm32.9-2020-q2-update.macos64_2.0.0.202105311346/tools/bin/../lib/gcc/arm-none-eabi/9.3.1/../../../../arm-none-eabi/lib/thumb/v6-m/nofp/libc_nano.a(lib_a-findfp.o)
                0x00000000080094c4                __sfp
 .text._fwalk_reent
                0x0000000008009554       0x40 /Applications/STM32CubeIDE.app/Contents/Eclipse/plugins/com.st.stm32cube.ide.mcu.externaltools.gnu-tools-for-stm32.9-2020-q2-update.macos64_2.0.0.202105311346/tools/bin/../lib/gcc/arm-none-eabi/9.3.1/../../../../arm-none-eabi/lib/thumb/v6-m/nofp/libc_nano.a(lib_a-fwalk.o)
                0x0000000008009554                _fwalk_reent
 .text.__retarget_lock_init_recursive
                0x0000000008009594        0x2 /Applications/STM32CubeIDE.app/Contents/Eclipse/plugins/com.st.stm32cube.ide.mcu.externaltools.gnu-tools-for-stm32.9-2020-q2-update.macos64_2.0.0.202105311346/tools/bin/../lib/gcc/arm-none-eabi/9.3.1/../../../../arm-none-eabi/lib/thumb/v6-m/nofp/libc_nano.a(lib_a-lock.o)
                0x0000000008009594                __retarget_lock_init_recursive
 .text.__retarget_lock_acquire_recursive
                0x0000000008009596        0x2 /Applications/STM32CubeIDE.app/Contents/Eclipse/plugins/com.st.stm32cube.ide.mcu.externaltools.gnu-tools-for-stm32.9-2020-q2-update.macos64_2.0.0.202105311346/tools/bin/../lib/gcc/arm-none-eabi/9.3.1/../../../../arm-none-eabi/lib/thumb/v6-m/nofp/libc_nano.a(lib_a-lock.o)
                0x0000000008009596                __retarget_lock_acquire_recursive
 .text.__retarget_lock_release_recursive
                0x0000000008009598        0x2 /Applications/STM32CubeIDE.app/Contents/Eclipse/plugins/com.st.stm32cube.ide.mcu.externaltools.gnu-tools-for-stm32.9-2020-q2-update.macos64_2.0.0.202105311346/tools/bin/../lib/gcc/arm-none-eabi/9.3.1/../../../../arm-none-eabi/lib/thumb/v6-m/nofp/libc_nano.a(lib_a-lock.o)
                0x0000000008009598                __retarget_lock_release_recursive
 *fill*         0x000000000800959a        0x2 
 .text.__swhatbuf_r
                0x000000000800959c       0x50 /Applications/STM32CubeIDE.app/Contents/Eclipse/plugins/com.st.stm32cube.ide.mcu.externaltools.gnu-tools-for-stm32.9-2020-q2-update.macos64_2.0.0.202105311346/tools/bin/../lib/gcc/arm-none-eabi/9.3.1/../../../../arm-none-eabi/lib/thumb/v6-m/nofp/libc_nano.a(lib_a-makebuf.o)
                0x000000000800959c                __swhatbuf_r
 .text.__smakebuf_r
                0x00000000080095ec       0x88 /Applications/STM32CubeIDE.app/Contents/Eclipse/plugins/com.st.stm32cube.ide.mcu.externaltools.gnu-tools-for-stm32.9-2020-q2-update.macos64_2.0.0.202105311346/tools/bin/../lib/gcc/arm-none-eabi/9.3.1/../../../../arm-none-eabi/lib/thumb/v6-m/nofp/libc_nano.a(lib_a-makebuf.o)
                0x00000000080095ec                __smakebuf_r
 .text._free_r  0x0000000008009674       0x94 /Applications/STM32CubeIDE.app/Contents/Eclipse/plugins/com.st.stm32cube.ide.mcu.externaltools.gnu-tools-for-stm32.9-2020-q2-update.macos64_2.0.0.202105311346/tools/bin/../lib/gcc/arm-none-eabi/9.3.1/../../../../arm-none-eabi/lib/thumb/v6-m/nofp/libc_nano.a(lib_a-nano-freer.o)
                0x0000000008009674                _free_r
 .text._malloc_r
                0x0000000008009708       0xbc /Applications/STM32CubeIDE.app/Contents/Eclipse/plugins/com.st.stm32cube.ide.mcu.externaltools.gnu-tools-for-stm32.9-2020-q2-update.macos64_2.0.0.202105311346/tools/bin/../lib/gcc/arm-none-eabi/9.3.1/../../../../arm-none-eabi/lib/thumb/v6-m/nofp/libc_nano.a(lib_a-nano-mallocr.o)
                0x0000000008009708                _malloc_r
 .text.__sfputc_r
                0x00000000080097c4       0x2a /Applications/STM32CubeIDE.app/Contents/Eclipse/plugins/com.st.stm32cube.ide.mcu.externaltools.gnu-tools-for-stm32.9-2020-q2-update.macos64_2.0.0.202105311346/tools/bin/../lib/gcc/arm-none-eabi/9.3.1/../../../../arm-none-eabi/lib/thumb/v6-m/nofp/libc_nano.a(lib_a-nano-vfprintf.o)
 .text.__sfputs_r
                0x00000000080097ee       0x24 /Applications/STM32CubeIDE.app/Contents/Eclipse/plugins/com.st.stm32cube.ide.mcu.externaltools.gnu-tools-for-stm32.9-2020-q2-update.macos64_2.0.0.202105311346/tools/bin/../lib/gcc/arm-none-eabi/9.3.1/../../../../arm-none-eabi/lib/thumb/v6-m/nofp/libc_nano.a(lib_a-nano-vfprintf.o)
                0x00000000080097ee                __sfputs_r
 *fill*         0x0000000008009812        0x2 
 .text._vfprintf_r
                0x0000000008009814      0x274 /Applications/STM32CubeIDE.app/Contents/Eclipse/plugins/com.st.stm32cube.ide.mcu.externaltools.gnu-tools-for-stm32.9-2020-q2-update.macos64_2.0.0.202105311346/tools/bin/../lib/gcc/arm-none-eabi/9.3.1/../../../../arm-none-eabi/lib/thumb/v6-m/nofp/libc_nano.a(lib_a-nano-vfprintf.o)
                0x0000000008009814                _vfiprintf_r
                0x0000000008009814                _vfprintf_r
 .text._printf_common
                0x0000000008009a88       0xde /Applications/STM32CubeIDE.app/Contents/Eclipse/plugins/com.st.stm32cube.ide.mcu.externaltools.gnu-tools-for-stm32.9-2020-q2-update.macos64_2.0.0.202105311346/tools/bin/../lib/gcc/arm-none-eabi/9.3.1/../../../../arm-none-eabi/lib/thumb/v6-m/nofp/libc_nano.a(lib_a-nano-vfprintf_i.o)
                0x0000000008009a88                _printf_common
 *fill*         0x0000000008009b66        0x2 
 .text._printf_i
                0x0000000008009b68      0x224 /Applications/STM32CubeIDE.app/Contents/Eclipse/plugins/com.st.stm32cube.ide.mcu.externaltools.gnu-tools-for-stm32.9-2020-q2-update.macos64_2.0.0.202105311346/tools/bin/../lib/gcc/arm-none-eabi/9.3.1/../../../../arm-none-eabi/lib/thumb/v6-m/nofp/libc_nano.a(lib_a-nano-vfprintf_i.o)
                0x0000000008009b68                _printf_i
 .text._sbrk_r  0x0000000008009d8c       0x24 /Applications/STM32CubeIDE.app/Contents/Eclipse/plugins/com.st.stm32cube.ide.mcu.externaltools.gnu-tools-for-stm32.9-2020-q2-update.macos64_2.0.0.202105311346/tools/bin/../lib/gcc/arm-none-eabi/9.3.1/../../../../arm-none-eabi/lib/thumb/v6-m/nofp/libc_nano.a(lib_a-sbrkr.o)
                0x0000000008009d8c                _sbrk_r
 .text.__sread  0x0000000008009db0       0x28 /Applications/STM32CubeIDE.app/Contents/Eclipse/plugins/com.st.stm32cube.ide.mcu.externaltools.gnu-tools-for-stm32.9-2020-q2-update.macos64_2.0.0.202105311346/tools/bin/../lib/gcc/arm-none-eabi/9.3.1/../../../../arm-none-eabi/lib/thumb/v6-m/nofp/libc_nano.a(lib_a-stdio.o)
                0x0000000008009db0                __sread
 .text.__swrite
                0x0000000008009dd8       0x38 /Applications/STM32CubeIDE.app/Contents/Eclipse/plugins/com.st.stm32cube.ide.mcu.externaltools.gnu-tools-for-stm32.9-2020-q2-update.macos64_2.0.0.202105311346/tools/bin/../lib/gcc/arm-none-eabi/9.3.1/../../../../arm-none-eabi/lib/thumb/v6-m/nofp/libc_nano.a(lib_a-stdio.o)
                0x0000000008009dd8                __swrite
 .text.__sseek  0x0000000008009e10       0x2c /Applications/STM32CubeIDE.app/Contents/Eclipse/plugins/com.st.stm32cube.ide.mcu.externaltools.gnu-tools-for-stm32.9-2020-q2-update.macos64_2.0.0.202105311346/tools/bin/../lib/gcc/arm-none-eabi/9.3.1/../../../../arm-none-eabi/lib/thumb/v6-m/nofp/libc_nano.a(lib_a-stdio.o)
                0x0000000008009e10                __sseek
 .text.__sclose
                0x0000000008009e3c        0xc /Applications/STM32CubeIDE.app/Contents/Eclipse/plugins/com.st.stm32cube.ide.mcu.externaltools.gnu-tools-for-stm32.9-2020-q2-update.macos64_2.0.0.202105311346/tools/bin/../lib/gcc/arm-none-eabi/9.3.1/../../../../arm-none-eabi/lib/thumb/v6-m/nofp/libc_nano.a(lib_a-stdio.o)
                0x0000000008009e3c                __sclose
 .text._write_r
                0x0000000008009e48       0x28 /Applications/STM32CubeIDE.app/Contents/Eclipse/plugins/com.st.stm32cube.ide.mcu.externaltools.gnu-tools-for-stm32.9-2020-q2-update.macos64_2.0.0.202105311346/tools/bin/../lib/gcc/arm-none-eabi/9.3.1/../../../../arm-none-eabi/lib/thumb/v6-m/nofp/libc_nano.a(lib_a-writer.o)
                0x0000000008009e48                _write_r
 .text._close_r
                0x0000000008009e70       0x24 /Applications/STM32CubeIDE.app/Contents/Eclipse/plugins/com.st.stm32cube.ide.mcu.externaltools.gnu-tools-for-stm32.9-2020-q2-update.macos64_2.0.0.202105311346/tools/bin/../lib/gcc/arm-none-eabi/9.3.1/../../../../arm-none-eabi/lib/thumb/v6-m/nofp/libc_nano.a(lib_a-closer.o)
                0x0000000008009e70                _close_r
 .text._fstat_r
                0x0000000008009e94       0x24 /Applications/STM32CubeIDE.app/Contents/Eclipse/plugins/com.st.stm32cube.ide.mcu.externaltools.gnu-tools-for-stm32.9-2020-q2-update.macos64_2.0.0.202105311346/tools/bin/../lib/gcc/arm-none-eabi/9.3.1/../../../../arm-none-eabi/lib/thumb/v6-m/nofp/libc_nano.a(lib_a-fstatr.o)
                0x0000000008009e94                _fstat_r
 .text._isatty_r
                0x0000000008009eb8       0x24 /Applications/STM32CubeIDE.app/Contents/Eclipse/plugins/com.st.stm32cube.ide.mcu.externaltools.gnu-tools-for-stm32.9-2020-q2-update.macos64_2.0.0.202105311346/tools/bin/../lib/gcc/arm-none-eabi/9.3.1/../../../../arm-none-eabi/lib/thumb/v6-m/nofp/libc_nano.a(lib_a-isattyr.o)
                0x0000000008009eb8                _isatty_r
 .text._lseek_r
                0x0000000008009edc       0x28 /Applications/STM32CubeIDE.app/Contents/Eclipse/plugins/com.st.stm32cube.ide.mcu.externaltools.gnu-tools-for-stm32.9-2020-q2-update.macos64_2.0.0.202105311346/tools/bin/../lib/gcc/arm-none-eabi/9.3.1/../../../../arm-none-eabi/lib/thumb/v6-m/nofp/libc_nano.a(lib_a-lseekr.o)
                0x0000000008009edc                _lseek_r
 .text.memchr   0x0000000008009f04       0x16 /Applications/STM32CubeIDE.app/Contents/Eclipse/plugins/com.st.stm32cube.ide.mcu.externaltools.gnu-tools-for-stm32.9-2020-q2-update.macos64_2.0.0.202105311346/tools/bin/../lib/gcc/arm-none-eabi/9.3.1/../../../../arm-none-eabi/lib/thumb/v6-m/nofp/libc_nano.a(lib_a-memchr-stub.o)
                0x0000000008009f04                memchr
 *fill*         0x0000000008009f1a        0x2 
 .text.__malloc_lock
                0x0000000008009f1c       0x10 /Applications/STM32CubeIDE.app/Contents/Eclipse/plugins/com.st.stm32cube.ide.mcu.externaltools.gnu-tools-for-stm32.9-2020-q2-update.macos64_2.0.0.202105311346/tools/bin/../lib/gcc/arm-none-eabi/9.3.1/../../../../arm-none-eabi/lib/thumb/v6-m/nofp/libc_nano.a(lib_a-mlock.o)
                0x0000000008009f1c                __malloc_lock
 .text.__malloc_unlock
                0x0000000008009f2c       0x10 /Applications/STM32CubeIDE.app/Contents/Eclipse/plugins/com.st.stm32cube.ide.mcu.externaltools.gnu-tools-for-stm32.9-2020-q2-update.macos64_2.0.0.202105311346/tools/bin/../lib/gcc/arm-none-eabi/9.3.1/../../../../arm-none-eabi/lib/thumb/v6-m/nofp/libc_nano.a(lib_a-mlock.o)
                0x0000000008009f2c                __malloc_unlock
 .text._read_r  0x0000000008009f3c       0x28 /Applications/STM32CubeIDE.app/Contents/Eclipse/plugins/com.st.stm32cube.ide.mcu.externaltools.gnu-tools-for-stm32.9-2020-q2-update.macos64_2.0.0.202105311346/tools/bin/../lib/gcc/arm-none-eabi/9.3.1/../../../../arm-none-eabi/lib/thumb/v6-m/nofp/libc_nano.a(lib_a-readr.o)
                0x0000000008009f3c                _read_r
 *(.glue_7)
 .glue_7        0x0000000008009f64        0x0 linker stubs
 *(.glue_7t)
 .glue_7t       0x0000000008009f64        0x0 linker stubs
 *(.eh_frame)
 .eh_frame      0x0000000008009f64        0x0 /Applications/STM32CubeIDE.app/Contents/Eclipse/plugins/com.st.stm32cube.ide.mcu.externaltools.gnu-tools-for-stm32.9-2020-q2-update.macos64_2.0.0.202105311346/tools/bin/../lib/gcc/arm-none-eabi/9.3.1/thumb/v6-m/nofp/crtbegin.o
 *(.init)
 .init          0x0000000008009f64        0x4 /Applications/STM32CubeIDE.app/Contents/Eclipse/plugins/com.st.stm32cube.ide.mcu.externaltools.gnu-tools-for-stm32.9-2020-q2-update.macos64_2.0.0.202105311346/tools/bin/../lib/gcc/arm-none-eabi/9.3.1/thumb/v6-m/nofp/crti.o
                0x0000000008009f64                _init
 .init          0x0000000008009f68        0x8 /Applications/STM32CubeIDE.app/Contents/Eclipse/plugins/com.st.stm32cube.ide.mcu.externaltools.gnu-tools-for-stm32.9-2020-q2-update.macos64_2.0.0.202105311346/tools/bin/../lib/gcc/arm-none-eabi/9.3.1/thumb/v6-m/nofp/crtn.o
 *(.fini)
 .fini          0x0000000008009f70        0x4 /Applications/STM32CubeIDE.app/Contents/Eclipse/plugins/com.st.stm32cube.ide.mcu.externaltools.gnu-tools-for-stm32.9-2020-q2-update.macos64_2.0.0.202105311346/tools/bin/../lib/gcc/arm-none-eabi/9.3.1/thumb/v6-m/nofp/crti.o
                0x0000000008009f70                _fini
 .fini          0x0000000008009f74        0x8 /Applications/STM32CubeIDE.app/Contents/Eclipse/plugins/com.st.stm32cube.ide.mcu.externaltools.gnu-tools-for-stm32.9-2020-q2-update.macos64_2.0.0.202105311346/tools/bin/../lib/gcc/arm-none-eabi/9.3.1/thumb/v6-m/nofp/crtn.o
                0x0000000008009f7c                . = ALIGN (0x4)
                0x0000000008009f7c                _etext = .

.vfp11_veneer   0x0000000008009f7c        0x0
 .vfp11_veneer  0x0000000008009f7c        0x0 linker stubs

.v4_bx          0x0000000008009f7c        0x0
 .v4_bx         0x0000000008009f7c        0x0 linker stubs

.iplt           0x0000000008009f7c        0x0
 .iplt          0x0000000008009f7c        0x0 /Applications/STM32CubeIDE.app/Contents/Eclipse/plugins/com.st.stm32cube.ide.mcu.externaltools.gnu-tools-for-stm32.9-2020-q2-update.macos64_2.0.0.202105311346/tools/bin/../lib/gcc/arm-none-eabi/9.3.1/thumb/v6-m/nofp/crtbegin.o

.rodata         0x0000000008009f7c      0x3bc
                0x0000000008009f7c                . = ALIGN (0x4)
 *(.rodata)
 .rodata        0x0000000008009f7c       0x77 ./Core/Src/nsprs_platform_nucleo_g070rb.o
 *fill*         0x0000000008009ff3        0x1 
 .rodata        0x0000000008009ff4      0x1e3 ./Core/Src/nsprs_sys_srvc.o
 *fill*         0x000000000800a1d7        0x1 
 .rodata        0x000000000800a1d8       0x10 ./Drivers/STM32G0xx_HAL_Driver/Src/stm32g0xx_hal_uart_ex.o
 .rodata        0x000000000800a1e8        0x5 ./Middlewares/Third_Party/FreeRTOS/Source/tasks.o
 *fill*         0x000000000800a1ed        0x3 
 .rodata        0x000000000800a1f0        0xd ./Middlewares/Third_Party/FreeRTOS/Source/timers.o
 *(.rodata*)
 *fill*         0x000000000800a1fd        0x3 
 .rodata.AHBPrescTable
                0x000000000800a200       0x40 ./Core/Src/system_stm32g0xx.o
                0x000000000800a200                AHBPrescTable
 .rodata.APBPrescTable
                0x000000000800a240       0x20 ./Core/Src/system_stm32g0xx.o
                0x000000000800a240                APBPrescTable
 .rodata.UARTPrescTable
                0x000000000800a260       0x18 ./Drivers/STM32G0xx_HAL_Driver/Src/stm32g0xx_hal_uart.o
                0x000000000800a260                UARTPrescTable
 .rodata.prvProcessReceivedCommands
                0x000000000800a278       0x28 ./Middlewares/Third_Party/FreeRTOS/Source/timers.o
 .rodata._global_impure_ptr
                0x000000000800a2a0        0x4 /Applications/STM32CubeIDE.app/Contents/Eclipse/plugins/com.st.stm32cube.ide.mcu.externaltools.gnu-tools-for-stm32.9-2020-q2-update.macos64_2.0.0.202105311346/tools/bin/../lib/gcc/arm-none-eabi/9.3.1/../../../../arm-none-eabi/lib/thumb/v6-m/nofp/libc_nano.a(lib_a-impure.o)
                0x000000000800a2a0                _global_impure_ptr
 .rodata.__sf_fake_stderr
                0x000000000800a2a4       0x20 /Applications/STM32CubeIDE.app/Contents/Eclipse/plugins/com.st.stm32cube.ide.mcu.externaltools.gnu-tools-for-stm32.9-2020-q2-update.macos64_2.0.0.202105311346/tools/bin/../lib/gcc/arm-none-eabi/9.3.1/../../../../arm-none-eabi/lib/thumb/v6-m/nofp/libc_nano.a(lib_a-findfp.o)
                0x000000000800a2a4                __sf_fake_stderr
 .rodata.__sf_fake_stdin
                0x000000000800a2c4       0x20 /Applications/STM32CubeIDE.app/Contents/Eclipse/plugins/com.st.stm32cube.ide.mcu.externaltools.gnu-tools-for-stm32.9-2020-q2-update.macos64_2.0.0.202105311346/tools/bin/../lib/gcc/arm-none-eabi/9.3.1/../../../../arm-none-eabi/lib/thumb/v6-m/nofp/libc_nano.a(lib_a-findfp.o)
                0x000000000800a2c4                __sf_fake_stdin
 .rodata.__sf_fake_stdout
                0x000000000800a2e4       0x20 /Applications/STM32CubeIDE.app/Contents/Eclipse/plugins/com.st.stm32cube.ide.mcu.externaltools.gnu-tools-for-stm32.9-2020-q2-update.macos64_2.0.0.202105311346/tools/bin/../lib/gcc/arm-none-eabi/9.3.1/../../../../arm-none-eabi/lib/thumb/v6-m/nofp/libc_nano.a(lib_a-findfp.o)
                0x000000000800a2e4                __sf_fake_stdout
 .rodata._vfprintf_r.str1.1
                0x000000000800a304       0x11 /Applications/STM32CubeIDE.app/Contents/Eclipse/plugins/com.st.stm32cube.ide.mcu.externaltools.gnu-tools-for-stm32.9-2020-q2-update.macos64_2.0.0.202105311346/tools/bin/../lib/gcc/arm-none-eabi/9.3.1/../../../../arm-none-eabi/lib/thumb/v6-m/nofp/libc_nano.a(lib_a-nano-vfprintf.o)
 .rodata._printf_i.str1.1
                0x000000000800a315       0x22 /Applications/STM32CubeIDE.app/Contents/Eclipse/plugins/com.st.stm32cube.ide.mcu.externaltools.gnu-tools-for-stm32.9-2020-q2-update.macos64_2.0.0.202105311346/tools/bin/../lib/gcc/arm-none-eabi/9.3.1/../../../../arm-none-eabi/lib/thumb/v6-m/nofp/libc_nano.a(lib_a-nano-vfprintf_i.o)
                0x000000000800a338                . = ALIGN (0x4)
 *fill*         0x000000000800a337        0x1 

.rel.dyn        0x000000000800a338        0x0
 .rel.iplt      0x000000000800a338        0x0 /Applications/STM32CubeIDE.app/Contents/Eclipse/plugins/com.st.stm32cube.ide.mcu.externaltools.gnu-tools-for-stm32.9-2020-q2-update.macos64_2.0.0.202105311346/tools/bin/../lib/gcc/arm-none-eabi/9.3.1/thumb/v6-m/nofp/crtbegin.o

.ARM.extab      0x000000000800a338        0x0
                0x000000000800a338                . = ALIGN (0x4)
 *(.ARM.extab* .gnu.linkonce.armextab.*)
                0x000000000800a338                . = ALIGN (0x4)

.ARM            0x000000000800a338        0x0
                0x000000000800a338                . = ALIGN (0x4)
                0x000000000800a338                __exidx_start = .
 *(.ARM.exidx*)
                0x000000000800a338                __exidx_end = .
                0x000000000800a338                . = ALIGN (0x4)

.preinit_array  0x000000000800a338        0x0
                0x000000000800a338                . = ALIGN (0x4)
                0x000000000800a338                PROVIDE (__preinit_array_start = .)
 *(.preinit_array*)
                0x000000000800a338                PROVIDE (__preinit_array_end = .)
                0x000000000800a338                . = ALIGN (0x4)

.init_array     0x000000000800a338        0x4
                0x000000000800a338                . = ALIGN (0x4)
                0x000000000800a338                PROVIDE (__init_array_start = .)
 *(SORT_BY_NAME(.init_array.*))
 *(.init_array*)
 .init_array    0x000000000800a338        0x4 /Applications/STM32CubeIDE.app/Contents/Eclipse/plugins/com.st.stm32cube.ide.mcu.externaltools.gnu-tools-for-stm32.9-2020-q2-update.macos64_2.0.0.202105311346/tools/bin/../lib/gcc/arm-none-eabi/9.3.1/thumb/v6-m/nofp/crtbegin.o
                0x000000000800a33c                PROVIDE (__init_array_end = .)
                0x000000000800a33c                . = ALIGN (0x4)

.fini_array     0x000000000800a33c        0x4
                0x000000000800a33c                . = ALIGN (0x4)
                [!provide]                        PROVIDE (__fini_array_start = .)
 *(SORT_BY_NAME(.fini_array.*))
 *(.fini_array*)
 .fini_array    0x000000000800a33c        0x4 /Applications/STM32CubeIDE.app/Contents/Eclipse/plugins/com.st.stm32cube.ide.mcu.externaltools.gnu-tools-for-stm32.9-2020-q2-update.macos64_2.0.0.202105311346/tools/bin/../lib/gcc/arm-none-eabi/9.3.1/thumb/v6-m/nofp/crtbegin.o
                [!provide]                        PROVIDE (__fini_array_end = .)
                0x000000000800a340                . = ALIGN (0x4)
                0x000000000800a340                _sidata = LOADADDR (.data)

.data           0x0000000020000000      0x430 load address 0x000000000800a340
                0x0000000020000000                . = ALIGN (0x4)
                0x0000000020000000                _sdata = .
 *(.data)
 *(.data*)
 .data.ids      0x0000000020000000       0x18 ./Core/Src/nsprs_sys_srvc.o
                0x0000000020000000                ids
 .data.exe_time_ms
                0x0000000020000018       0x18 ./Core/Src/nsprs_sys_srvc.o
                0x0000000020000018                exe_time_ms
 .data.rel_deadline_ms
                0x0000000020000030       0x18 ./Core/Src/nsprs_sys_srvc.o
                0x0000000020000030                rel_deadline_ms
 .data.priority
                0x0000000020000048       0x18 ./Core/Src/nsprs_sys_srvc.o
                0x0000000020000048                priority
 .data.issue_ms
                0x0000000020000060      0x190 ./Core/Src/nsprs_sys_srvc.o
                0x0000000020000060                issue_ms
 .data.issue_id
                0x00000000200001f0      0x190 ./Core/Src/nsprs_sys_srvc.o
                0x00000000200001f0                issue_id
 .data.data_flow
                0x0000000020000380        0xc ./Core/Src/nsprs_sys_srvc.o
                0x0000000020000380                data_flow
 .data.data_timer
                0x000000002000038c       0x10 ./Core/Src/nsprs_sys_srvc.o
                0x000000002000038c                data_timer
 .data.data_hmi
                0x000000002000039c       0x18 ./Core/Src/nsprs_sys_srvc.o
                0x000000002000039c                data_hmi
 .data.data_trgpump
                0x00000000200003b4        0x2 ./Core/Src/nsprs_sys_srvc.o
                0x00000000200003b4                data_trgpump
 *fill*         0x00000000200003b6        0x2 
 .data.data_trgheater
                0x00000000200003b8        0x3 ./Core/Src/nsprs_sys_srvc.o
                0x00000000200003b8                data_trgheater
 *fill*         0x00000000200003bb        0x1 
 .data.SystemCoreClock
                0x00000000200003bc        0x4 ./Core/Src/system_stm32g0xx.o
                0x00000000200003bc                SystemCoreClock
 .data.uwTickPrio
                0x00000000200003c0        0x4 ./Drivers/STM32G0xx_HAL_Driver/Src/stm32g0xx_hal.o
                0x00000000200003c0                uwTickPrio
 .data.uwTickFreq
                0x00000000200003c4        0x1 ./Drivers/STM32G0xx_HAL_Driver/Src/stm32g0xx_hal.o
                0x00000000200003c4                uwTickFreq
 *fill*         0x00000000200003c5        0x3 
 .data.uxCriticalNesting
                0x00000000200003c8        0x4 ./Middlewares/Third_Party/FreeRTOS/Source/portable/GCC/ARM_CM0/port.o
 .data._impure_ptr
                0x00000000200003cc        0x4 /Applications/STM32CubeIDE.app/Contents/Eclipse/plugins/com.st.stm32cube.ide.mcu.externaltools.gnu-tools-for-stm32.9-2020-q2-update.macos64_2.0.0.202105311346/tools/bin/../lib/gcc/arm-none-eabi/9.3.1/../../../../arm-none-eabi/lib/thumb/v6-m/nofp/libc_nano.a(lib_a-impure.o)
                0x00000000200003cc                _impure_ptr
 .data.impure_data
                0x00000000200003d0       0x60 /Applications/STM32CubeIDE.app/Contents/Eclipse/plugins/com.st.stm32cube.ide.mcu.externaltools.gnu-tools-for-stm32.9-2020-q2-update.macos64_2.0.0.202105311346/tools/bin/../lib/gcc/arm-none-eabi/9.3.1/../../../../arm-none-eabi/lib/thumb/v6-m/nofp/libc_nano.a(lib_a-impure.o)
 *(.RamFunc)
 *(.RamFunc*)
                0x0000000020000430                . = ALIGN (0x4)
                0x0000000020000430                _edata = .

.igot.plt       0x0000000020000430        0x0 load address 0x000000000800a770
 .igot.plt      0x0000000020000430        0x0 /Applications/STM32CubeIDE.app/Contents/Eclipse/plugins/com.st.stm32cube.ide.mcu.externaltools.gnu-tools-for-stm32.9-2020-q2-update.macos64_2.0.0.202105311346/tools/bin/../lib/gcc/arm-none-eabi/9.3.1/thumb/v6-m/nofp/crtbegin.o
                0x0000000020000430                . = ALIGN (0x4)

.bss            0x0000000020000430     0x8544 load address 0x000000000800a770
                0x0000000020000430                _sbss = .
                0x0000000020000430                __bss_start__ = _sbss
 *(.bss)
 .bss           0x0000000020000430       0x1c /Applications/STM32CubeIDE.app/Contents/Eclipse/plugins/com.st.stm32cube.ide.mcu.externaltools.gnu-tools-for-stm32.9-2020-q2-update.macos64_2.0.0.202105311346/tools/bin/../lib/gcc/arm-none-eabi/9.3.1/thumb/v6-m/nofp/crtbegin.o
 *(.bss*)
 .bss.ssHeatPump_qh
                0x000000002000044c        0x4 ./Core/Src/nsprs_comm.o
                0x000000002000044c                ssHeatPump_qh
 .bss.ssTrgPump_qh
                0x0000000020000450        0x4 ./Core/Src/nsprs_comm.o
                0x0000000020000450                ssTrgPump_qh
 .bss.ssTrgHeater_qh
                0x0000000020000454        0x4 ./Core/Src/nsprs_comm.o
                0x0000000020000454                ssTrgHeater_qh
 .bss.ssTimer_qh
                0x0000000020000458        0x4 ./Core/Src/nsprs_comm.o
                0x0000000020000458                ssTimer_qh
 .bss.ssTimer2_qh
                0x000000002000045c        0x4 ./Core/Src/nsprs_comm.o
                0x000000002000045c                ssTimer2_qh
 .bss.ssTimer3_qh
                0x0000000020000460        0x4 ./Core/Src/nsprs_comm.o
                0x0000000020000460                ssTimer3_qh
 .bss.ssTimer4_qh
                0x0000000020000464        0x4 ./Core/Src/nsprs_comm.o
                0x0000000020000464                ssTimer4_qh
 .bss.ssTimer5_qh
                0x0000000020000468        0x4 ./Core/Src/nsprs_comm.o
                0x0000000020000468                ssTimer5_qh
 .bss.ssHMI_qh  0x000000002000046c        0x4 ./Core/Src/nsprs_comm.o
                0x000000002000046c                ssHMI_qh
 .bss.ssFlow_qh
                0x0000000020000470        0x4 ./Core/Src/nsprs_comm.o
                0x0000000020000470                ssFlow_qh
 .bss.ssTemp_qh
                0x0000000020000474        0x4 ./Core/Src/nsprs_comm.o
                0x0000000020000474                ssTemp_qh
 .bss.ssHeatAlg_qh
                0x0000000020000478        0x4 ./Core/Src/nsprs_comm.o
                0x0000000020000478                ssHeatAlg_qh
 .bss.intr2ssHeatPump_qh
                0x000000002000047c        0x4 ./Core/Src/nsprs_comm.o
                0x000000002000047c                intr2ssHeatPump_qh
 .bss.intr2ssTrgPump_qh
                0x0000000020000480        0x4 ./Core/Src/nsprs_comm.o
                0x0000000020000480                intr2ssTrgPump_qh
 .bss.intr2ssTrgHeater_qh
                0x0000000020000484        0x4 ./Core/Src/nsprs_comm.o
                0x0000000020000484                intr2ssTrgHeater_qh
 .bss.intr2ssHMI_qh
                0x0000000020000488        0x4 ./Core/Src/nsprs_comm.o
                0x0000000020000488                intr2ssHMI_qh
 .bss.intr2ssFlow_qh
                0x000000002000048c        0x4 ./Core/Src/nsprs_comm.o
                0x000000002000048c                intr2ssFlow_qh
 .bss.intr2ssUart_qh
                0x0000000020000490        0x4 ./Core/Src/nsprs_comm.o
                0x0000000020000490                intr2ssUart_qh
 .bss.intr2ssTimer_sh
                0x0000000020000494        0x4 ./Core/Src/nsprs_comm.o
                0x0000000020000494                intr2ssTimer_sh
 .bss.intr2ssTimer2_sh
                0x0000000020000498        0x4 ./Core/Src/nsprs_comm.o
                0x0000000020000498                intr2ssTimer2_sh
 .bss.intr2ssTimer3_sh
                0x000000002000049c        0x4 ./Core/Src/nsprs_comm.o
                0x000000002000049c                intr2ssTimer3_sh
 .bss.intr2ssTimer4_sh
                0x00000000200004a0        0x4 ./Core/Src/nsprs_comm.o
                0x00000000200004a0                intr2ssTimer4_sh
 .bss.intr2ssTimer5_sh
                0x00000000200004a4        0x4 ./Core/Src/nsprs_comm.o
                0x00000000200004a4                intr2ssTimer5_sh
 .bss.mode4_cntr.7747
                0x00000000200004a8        0x4 ./Core/Src/stm32_trg_driver.o
 .bss.mode5_cntr.7748
                0x00000000200004ac        0x4 ./Core/Src/stm32_trg_driver.o
 .bss.mode6_cntr.7749
                0x00000000200004b0        0x4 ./Core/Src/stm32_trg_driver.o
 .bss.mode7_cntr.7750
                0x00000000200004b4        0x4 ./Core/Src/stm32_trg_driver.o
 .bss.mode8_cntr1.7751
                0x00000000200004b8        0x4 ./Core/Src/stm32_trg_driver.o
 .bss.mode8_cntr2.7752
                0x00000000200004bc        0x4 ./Core/Src/stm32_trg_driver.o
 .bss.mode9_cntr1.7753
                0x00000000200004c0        0x4 ./Core/Src/stm32_trg_driver.o
 .bss.mode9_cntr2.7754
                0x00000000200004c4        0x4 ./Core/Src/stm32_trg_driver.o
 .bss.mode10_cntr1.7755
                0x00000000200004c8        0x4 ./Core/Src/stm32_trg_driver.o
 .bss.mode10_cntr2.7756
                0x00000000200004cc        0x4 ./Core/Src/stm32_trg_driver.o
 .bss.mode11_cntr1.7757
                0x00000000200004d0        0x4 ./Core/Src/stm32_trg_driver.o
 .bss.mode11_cntr2.7758
                0x00000000200004d4        0x4 ./Core/Src/stm32_trg_driver.o
 .bss.mode4_cntr.7775
                0x00000000200004d8        0x4 ./Core/Src/stm32_trg_driver.o
 .bss.mode5_cntr.7776
                0x00000000200004dc        0x4 ./Core/Src/stm32_trg_driver.o
 .bss.mode6_cntr.7777
                0x00000000200004e0        0x4 ./Core/Src/stm32_trg_driver.o
 .bss.mode7_cntr.7778
                0x00000000200004e4        0x4 ./Core/Src/stm32_trg_driver.o
 .bss.mode8_cntr1.7779
                0x00000000200004e8        0x4 ./Core/Src/stm32_trg_driver.o
 .bss.mode8_cntr2.7780
                0x00000000200004ec        0x4 ./Core/Src/stm32_trg_driver.o
 .bss.mode9_cntr1.7781
                0x00000000200004f0        0x4 ./Core/Src/stm32_trg_driver.o
 .bss.mode9_cntr2.7782
                0x00000000200004f4        0x4 ./Core/Src/stm32_trg_driver.o
 .bss.mode10_cntr1.7783
                0x00000000200004f8        0x4 ./Core/Src/stm32_trg_driver.o
 .bss.mode10_cntr2.7784
                0x00000000200004fc        0x4 ./Core/Src/stm32_trg_driver.o
 .bss.mode11_cntr1.7785
                0x0000000020000500        0x4 ./Core/Src/stm32_trg_driver.o
 .bss.mode11_cntr2.7786
                0x0000000020000504        0x4 ./Core/Src/stm32_trg_driver.o
 .bss.mode4_cntr.7803
                0x0000000020000508        0x4 ./Core/Src/stm32_trg_driver.o
 .bss.mode5_cntr.7804
                0x000000002000050c        0x4 ./Core/Src/stm32_trg_driver.o
 .bss.mode6_cntr.7805
                0x0000000020000510        0x4 ./Core/Src/stm32_trg_driver.o
 .bss.mode7_cntr.7806
                0x0000000020000514        0x4 ./Core/Src/stm32_trg_driver.o
 .bss.mode8_cntr1.7807
                0x0000000020000518        0x4 ./Core/Src/stm32_trg_driver.o
 .bss.mode8_cntr2.7808
                0x000000002000051c        0x4 ./Core/Src/stm32_trg_driver.o
 .bss.mode9_cntr1.7809
                0x0000000020000520        0x4 ./Core/Src/stm32_trg_driver.o
 .bss.mode9_cntr2.7810
                0x0000000020000524        0x4 ./Core/Src/stm32_trg_driver.o
 .bss.mode10_cntr1.7811
                0x0000000020000528        0x4 ./Core/Src/stm32_trg_driver.o
 .bss.mode10_cntr2.7812
                0x000000002000052c        0x4 ./Core/Src/stm32_trg_driver.o
 .bss.mode11_cntr1.7813
                0x0000000020000530        0x4 ./Core/Src/stm32_trg_driver.o
 .bss.mode11_cntr2.7814
                0x0000000020000534        0x4 ./Core/Src/stm32_trg_driver.o
 .bss.mode4_cntr.7831
                0x0000000020000538        0x4 ./Core/Src/stm32_trg_driver.o
 .bss.mode5_cntr.7832
                0x000000002000053c        0x4 ./Core/Src/stm32_trg_driver.o
 .bss.mode6_cntr.7833
                0x0000000020000540        0x4 ./Core/Src/stm32_trg_driver.o
 .bss.mode7_cntr.7834
                0x0000000020000544        0x4 ./Core/Src/stm32_trg_driver.o
 .bss.mode8_cntr1.7835
                0x0000000020000548        0x4 ./Core/Src/stm32_trg_driver.o
 .bss.mode8_cntr2.7836
                0x000000002000054c        0x4 ./Core/Src/stm32_trg_driver.o
 .bss.mode9_cntr1.7837
                0x0000000020000550        0x4 ./Core/Src/stm32_trg_driver.o
 .bss.mode9_cntr2.7838
                0x0000000020000554        0x4 ./Core/Src/stm32_trg_driver.o
 .bss.mode10_cntr1.7839
                0x0000000020000558        0x4 ./Core/Src/stm32_trg_driver.o
 .bss.mode10_cntr2.7840
                0x000000002000055c        0x4 ./Core/Src/stm32_trg_driver.o
 .bss.mode11_cntr1.7841
                0x0000000020000560        0x4 ./Core/Src/stm32_trg_driver.o
 .bss.mode11_cntr2.7842
                0x0000000020000564        0x4 ./Core/Src/stm32_trg_driver.o
 .bss.__sbrk_heap_end
                0x0000000020000568        0x4 ./Core/Src/sysmem.o
 .bss.pxCurrentTCB
                0x000000002000056c        0x4 ./Middlewares/Third_Party/FreeRTOS/Source/tasks.o
                0x000000002000056c                pxCurrentTCB
 .bss.pxReadyTasksLists
                0x0000000020000570      0x12c ./Middlewares/Third_Party/FreeRTOS/Source/tasks.o
 .bss.xDelayedTaskList1
                0x000000002000069c       0x14 ./Middlewares/Third_Party/FreeRTOS/Source/tasks.o
 .bss.xDelayedTaskList2
                0x00000000200006b0       0x14 ./Middlewares/Third_Party/FreeRTOS/Source/tasks.o
 .bss.pxDelayedTaskList
                0x00000000200006c4        0x4 ./Middlewares/Third_Party/FreeRTOS/Source/tasks.o
 .bss.pxOverflowDelayedTaskList
                0x00000000200006c8        0x4 ./Middlewares/Third_Party/FreeRTOS/Source/tasks.o
 .bss.xPendingReadyList
                0x00000000200006cc       0x14 ./Middlewares/Third_Party/FreeRTOS/Source/tasks.o
 .bss.xTasksWaitingTermination
                0x00000000200006e0       0x14 ./Middlewares/Third_Party/FreeRTOS/Source/tasks.o
 .bss.uxDeletedTasksWaitingCleanUp
                0x00000000200006f4        0x4 ./Middlewares/Third_Party/FreeRTOS/Source/tasks.o
 .bss.xSuspendedTaskList
                0x00000000200006f8       0x14 ./Middlewares/Third_Party/FreeRTOS/Source/tasks.o
 .bss.uxCurrentNumberOfTasks
                0x000000002000070c        0x4 ./Middlewares/Third_Party/FreeRTOS/Source/tasks.o
 .bss.xTickCount
                0x0000000020000710        0x4 ./Middlewares/Third_Party/FreeRTOS/Source/tasks.o
 .bss.uxTopReadyPriority
                0x0000000020000714        0x4 ./Middlewares/Third_Party/FreeRTOS/Source/tasks.o
 .bss.xSchedulerRunning
                0x0000000020000718        0x4 ./Middlewares/Third_Party/FreeRTOS/Source/tasks.o
 .bss.xPendedTicks
                0x000000002000071c        0x4 ./Middlewares/Third_Party/FreeRTOS/Source/tasks.o
 .bss.xYieldPending
                0x0000000020000720        0x4 ./Middlewares/Third_Party/FreeRTOS/Source/tasks.o
 .bss.xNumOfOverflows
                0x0000000020000724        0x4 ./Middlewares/Third_Party/FreeRTOS/Source/tasks.o
 .bss.uxTaskNumber
                0x0000000020000728        0x4 ./Middlewares/Third_Party/FreeRTOS/Source/tasks.o
 .bss.xNextTaskUnblockTime
                0x000000002000072c        0x4 ./Middlewares/Third_Party/FreeRTOS/Source/tasks.o
 .bss.xIdleTaskHandle
                0x0000000020000730        0x4 ./Middlewares/Third_Party/FreeRTOS/Source/tasks.o
 .bss.uxSchedulerSuspended
                0x0000000020000734        0x4 ./Middlewares/Third_Party/FreeRTOS/Source/tasks.o
 .bss.xActiveTimerList1
                0x0000000020000738       0x14 ./Middlewares/Third_Party/FreeRTOS/Source/timers.o
 .bss.xActiveTimerList2
                0x000000002000074c       0x14 ./Middlewares/Third_Party/FreeRTOS/Source/timers.o
 .bss.pxCurrentTimerList
                0x0000000020000760        0x4 ./Middlewares/Third_Party/FreeRTOS/Source/timers.o
 .bss.pxOverflowTimerList
                0x0000000020000764        0x4 ./Middlewares/Third_Party/FreeRTOS/Source/timers.o
 .bss.xTimerQueue
                0x0000000020000768        0x4 ./Middlewares/Third_Party/FreeRTOS/Source/timers.o
 .bss.xTimerTaskHandle
                0x000000002000076c        0x4 ./Middlewares/Third_Party/FreeRTOS/Source/timers.o
 .bss.xLastTime.5513
                0x0000000020000770        0x4 ./Middlewares/Third_Party/FreeRTOS/Source/timers.o
 .bss.ucHeap    0x0000000020000774     0x7d00 ./Middlewares/Third_Party/FreeRTOS/Source/portable/MemMang/heap_4.o
 .bss.xStart    0x0000000020008474        0x8 ./Middlewares/Third_Party/FreeRTOS/Source/portable/MemMang/heap_4.o
 .bss.pxEnd     0x000000002000847c        0x4 ./Middlewares/Third_Party/FreeRTOS/Source/portable/MemMang/heap_4.o
 .bss.xFreeBytesRemaining
                0x0000000020008480        0x4 ./Middlewares/Third_Party/FreeRTOS/Source/portable/MemMang/heap_4.o
 .bss.xMinimumEverFreeBytesRemaining
                0x0000000020008484        0x4 ./Middlewares/Third_Party/FreeRTOS/Source/portable/MemMang/heap_4.o
 .bss.xNumberOfSuccessfulAllocations
                0x0000000020008488        0x4 ./Middlewares/Third_Party/FreeRTOS/Source/portable/MemMang/heap_4.o
 .bss.xNumberOfSuccessfulFrees
                0x000000002000848c        0x4 ./Middlewares/Third_Party/FreeRTOS/Source/portable/MemMang/heap_4.o
 .bss.xBlockAllocatedBit
                0x0000000020008490        0x4 ./Middlewares/Third_Party/FreeRTOS/Source/portable/MemMang/heap_4.o
 .bss.__malloc_free_list
                0x0000000020008494        0x4 /Applications/STM32CubeIDE.app/Contents/Eclipse/plugins/com.st.stm32cube.ide.mcu.externaltools.gnu-tools-for-stm32.9-2020-q2-update.macos64_2.0.0.202105311346/tools/bin/../lib/gcc/arm-none-eabi/9.3.1/../../../../arm-none-eabi/lib/thumb/v6-m/nofp/libc_nano.a(lib_a-nano-mallocr.o)
                0x0000000020008494                __malloc_free_list
 .bss.__malloc_sbrk_start
                0x0000000020008498        0x4 /Applications/STM32CubeIDE.app/Contents/Eclipse/plugins/com.st.stm32cube.ide.mcu.externaltools.gnu-tools-for-stm32.9-2020-q2-update.macos64_2.0.0.202105311346/tools/bin/../lib/gcc/arm-none-eabi/9.3.1/../../../../arm-none-eabi/lib/thumb/v6-m/nofp/libc_nano.a(lib_a-nano-mallocr.o)
                0x0000000020008498                __malloc_sbrk_start
 *(COMMON)
 COMMON         0x000000002000849c      0x194 ./Core/Src/nsprs_app_srvc.o
                0x000000002000849c                mode_tmr16
                0x00000000200084a0                asSem2
                0x00000000200084a4                ssHMI_b_nsprs_task_handler
                0x00000000200084a8                ssTimerData
                0x00000000200084b8                ssTimer4_task_handler
                0x00000000200084bc                ssHeatPump_task_handler
                0x00000000200084c0                num_pulse_pwm_tmr15
                0x00000000200084c4                ssHeatAlgData
                0x00000000200084cc                asBasicMachine_task_handler
                0x00000000200084d0                ssTimer4Data
                0x00000000200084e0                ssHeatAlg_task_handler
                0x00000000200084e4                asSem3
                0x00000000200084e8                l_pwm_tmr17
                0x00000000200084ec                ssHeatPumpData
                0x00000000200084f4                ssHMI_task_handler
                0x00000000200084f8                mode_tmr14
                0x00000000200084fc                ssTimer2Data
                0x000000002000850c                dummy_task_handler
                0x0000000020008534                ssTimer5Data
                0x0000000020008544                h_pwm_tmr14
                0x0000000020008548                ssHMI_b_esprs_task_handler
                0x000000002000854c                t1_tmr16
                0x0000000020008550                mode_tmr15
                0x0000000020008554                ssTask1_task_handler
                0x0000000020008558                t1_tmr17
                0x000000002000855c                ssTest2_1_task_handler
                0x0000000020008560                mode_tmr17
                0x0000000020008564                ssTimer2_task_handler
                0x0000000020008568                ssHMI_b_lungo_task_handler
                0x000000002000856c                ssTemp_task_handler
                0x0000000020008570                ssHMI_b_hw_task_handler
                0x0000000020008574                l_pwm_tmr16
                0x0000000020008578                ssTest2_highp_task_handler
                0x000000002000857c                ssTest2_2_task_handler
                0x0000000020008580                t2_tmr16
                0x0000000020008584                h_pwm_tmr17
                0x0000000020008588                num_pulse_pwm_tmr14
                0x000000002000858c                h_pwm_tmr16
                0x0000000020008590                ssTrgHeaterData
                0x0000000020008598                ssTempData
                0x00000000200085a4                ssTrgPumpData
                0x00000000200085ac                ssTrgPump_task_handler
                0x00000000200085b0                ssTrgHeater_task_handler
                0x00000000200085b4                l_pwm_tmr14
                0x00000000200085b8                ssTimer3_task_handler
                0x00000000200085bc                asSem1
                0x00000000200085c0                t1_tmr14
                0x00000000200085c4                t2_tmr17
                0x00000000200085c8                num_pulse_pwm_tmr17
                0x00000000200085cc                ssTimer3Data
                0x00000000200085dc                t1_tmr15
                0x00000000200085e0                ssTimer_task_handler
                0x00000000200085e4                l_pwm_tmr15
                0x00000000200085e8                num_pulse_pwm_tmr16
                0x00000000200085ec                asSem4
                0x00000000200085f0                t2_tmr14
                0x00000000200085f4                h_pwm_tmr15
                0x00000000200085f8                ssFlow_task_handler
                0x00000000200085fc                ssFlowData
                0x000000002000860c                ssTask2_task_handler
                0x0000000020008610                ssTimer5_task_handler
                0x0000000020008614                ssHMIData
                0x000000002000862c                t2_tmr15
 COMMON         0x0000000020008630      0x2b0 ./Core/Src/nsprs_drivers.o
                0x0000000020008630                huart3
                0x00000000200086c0                hadc1
                0x0000000020008724                huart1
                0x00000000200087b4                UART_rxChar
                0x00000000200087b8                htim6