tasks.c:843:13:xTaskCreate	72	static
tasks.c:941:13:prvInitialiseNewTask	32	static,ignoring_inline_asm
tasks.c:1228:13:prvAddNewTaskToReadyList	16	static
tasks.c:1336:7:vTaskDelete	24	static,ignoring_inline_asm
tasks.c:1431:7:vTaskDelayUntil	32	static,ignoring_inline_asm
tasks.c:1515:7:vTaskDelay	24	static,ignoring_inline_asm
tasks.c:1560:13:eTaskGetState	40	static,ignoring_inline_asm
tasks.c:1650:13:uxTaskDeadlineAbsGet	24	static
tasks.c:1667:13:uxTaskDeadlineRelGet	24	static
tasks.c:1690:14:uxTaskPriorityGet	24	static
tasks.c:1716:14:uxTaskPriorityGetFromISR	32	static
tasks.c:1760:7:vTaskPrioritySet	32	static,ignoring_inline_asm
tasks.c:1926:7:vTaskSuspend	24	static,ignoring_inline_asm
tasks.c:2031:20:prvTaskIsTaskSuspended	24	static,ignoring_inline_asm
tasks.c:2077:7:vTaskResume	24	static,ignoring_inline_asm
tasks.c:2143:13:xTaskResumeFromISR	32	static,ignoring_inline_asm
tasks.c:2221:6:vTaskStartScheduler	32	static,ignoring_inline_asm
tasks.c:2347:6:vTaskEndScheduler	8	static,ignoring_inline_asm
tasks.c:2358:6:vTaskSuspendAll	8	static,ignoring_inline_asm
tasks.c:2442:12:xTaskResumeAll	24	static,ignoring_inline_asm
tasks.c:2562:12:xTaskGetTickCount	16	static
tasks.c:2577:12:xTaskGetTickCountFromISR	16	static
tasks.c:2608:13:uxTaskGetNumberOfTasks	8	static
tasks.c:2616:7:pcTaskGetName	24	static,ignoring_inline_asm
tasks.c:2630:16:prvSearchForNameWithinSingleList	56	static
tasks.c:2698:15:xTaskGetHandle	24	static,ignoring_inline_asm
tasks.c:2874:12:xTaskCatchUpTicks	24	static,ignoring_inline_asm
tasks.c:2894:13:xTaskAbortDelay	24	static,ignoring_inline_asm
tasks.c:2972:12:xTaskIncrementTick	32	static,ignoring_inline_asm
tasks.c:3161:7:vTaskSetApplicationTaskTag	24	static
tasks.c:3190:21:xTaskGetApplicationTaskTag	24	static
tasks.c:3214:21:xTaskGetApplicationTaskTagFromISR	32	static
tasks.c:3239:13:xTaskCallApplicationTaskHook	24	static
tasks.c:3269:6:vTaskSwitchContext	16	static,ignoring_inline_asm
tasks.c:3348:6:vTaskPlaceOnEventList	16	static,ignoring_inline_asm
tasks.c:3396:6:vTaskPlaceOnUnorderedEventList	24	static,ignoring_inline_asm
tasks.c:3422:7:vTaskPlaceOnEventListRestricted	24	static,ignoring_inline_asm
tasks.c:3463:12:xTaskRemoveFromEventList	24	static,ignoring_inline_asm
tasks.c:3539:6:vTaskRemoveFromUnorderedEventList	24	static,ignoring_inline_asm
tasks.c:3595:6:vTaskSetTimeOutState	16	static,ignoring_inline_asm
tasks.c:3607:6:vTaskInternalSetTimeOutState	16	static
tasks.c:3615:12:xTaskCheckForTimeOut	32	static,ignoring_inline_asm
tasks.c:3678:6:vTaskMissedYield	8	static
tasks.c:3733:8:prvIdleTask	16	static
tasks.c:3953:13:prvInitialiseTaskLists	16	static
tasks.c:3994:13:prvCheckTasksWaitingTermination	16	static
tasks.c:4163:32:prvTaskCheckFreeStackSpace	24	static
tasks.c:4188:25:uxTaskGetStackHighWaterMark2	40	static
tasks.c:4223:14:uxTaskGetStackHighWaterMark	32	static
tasks.c:4251:14:prvDeleteTCB	16	static
tasks.c:4307:13:prvResetNextTaskUnblockTime	16	static
tasks.c:4333:15:xTaskGetCurrentTaskHandle	16	static
tasks.c:4350:13:xTaskGetSchedulerState	16	static
tasks.c:5076:12:uxTaskResetEventItemValue	16	static
tasks.c:5109:11:ulTaskNotifyTake	24	static
tasks.c:5177:13:xTaskNotifyWait	32	static
tasks.c:5257:13:xTaskGenericNotify	40	static,ignoring_inline_asm
tasks.c:5379:13:xTaskGenericNotifyFromISR	40	static,ignoring_inline_asm
tasks.c:5517:7:vTaskNotifyGiveFromISR	32	static,ignoring_inline_asm
tasks.c:5610:13:xTaskNotifyStateClear	24	static
tasks.c:5641:11:ulTaskNotifyValueClear	24	static
tasks.c:5675:13:prvAddCurrentTaskToDelayedList	24	static
