timers.c:227:12:xTimerCreateTimerTask	32	static,ignoring_inline_asm
timers.c:294:16:xTimerCreate	48	static
timers.c:361:13:prvInitialiseNewTimer	24	static,ignoring_inline_asm
timers.c:393:12:xTimerGenericCommand	56	static,ignoring_inline_asm
timers.c:436:14:xTimerGetTimerDaemonTaskHandle	8	static,ignoring_inline_asm
timers.c:445:12:xTimerGetPeriod	24	static,ignoring_inline_asm
timers.c:454:6:vTimerSetReloadMode	24	static,ignoring_inline_asm
timers.c:474:13:uxTimerGetReloadMode	24	static,ignoring_inline_asm
timers.c:499:12:xTimerGetExpiryTime	24	static,ignoring_inline_asm
timers.c:510:14:pcTimerGetName	24	static,ignoring_inline_asm
timers.c:519:13:prvProcessExpiredTimer	32	static,ignoring_inline_asm
timers.c:560:8:prvTimerTask	24	static
timers.c:596:13:prvProcessTimerOrBlockTask	24	static
timers.c:656:19:prvGetNextExpireTime	24	static
timers.c:682:19:prvSampleTimeNow	24	static
timers.c:705:19:prvInsertTimerInActiveList	32	static
timers.c:746:13:prvProcessReceivedCommands	64	static,ignoring_inline_asm
timers.c:894:13:prvSwitchTimerLists	40	static,ignoring_inline_asm
timers.c:953:13:prvCheckForValidListAndQueue	8	static
timers.c:1004:12:xTimerIsTimerActive	24	static,ignoring_inline_asm
timers.c:1029:7:pvTimerGetTimerID	24	static,ignoring_inline_asm
timers.c:1046:6:vTimerSetTimerID	24	static,ignoring_inline_asm
timers.c:1062:13:xTimerPendFunctionCallFromISR	48	static
timers.c:1086:13:xTimerPendFunctionCall	48	static,ignoring_inline_asm
