nsprs_sys_srvc.c:86:6:launch_ssTimer	24	static
nsprs_sys_srvc.c:89:6:launch_ssFlow	24	static
nsprs_sys_srvc.c:92:6:launch_ssHMI_b_nsprs	24	static
nsprs_sys_srvc.c:95:6:launch_ssHMI_b_esprs	24	static
nsprs_sys_srvc.c:98:6:launch_ssHMI_b_lungo	24	static
nsprs_sys_srvc.c:101:6:launch_ssHMI_b_hw	24	static
nsprs_sys_srvc.c:104:6:launch_ssTrgPump	24	static
nsprs_sys_srvc.c:107:6:launch_ssTrgHeater	24	static
nsprs_sys_srvc.c:110:6:launch_ssTemp	24	static
nsprs_sys_srvc.c:114:6:launch_dummy_tasks	48	static
nsprs_sys_srvc.c:143:6:launch_ssAll	8	static
nsprs_sys_srvc.c:168:6:delete_ssTrgPump	8	static
nsprs_sys_srvc.c:171:6:delete_ssTrgHeater	8	static
nsprs_sys_srvc.c:175:6:delete_ssHMI	8	static
nsprs_sys_srvc.c:178:6:delete_ssFlow	8	static
nsprs_sys_srvc.c:181:6:delete_ssTemp	8	static
nsprs_sys_srvc.c:184:6:delete_ssHeatAlg	8	static
nsprs_sys_srvc.c:187:6:delete_ssAll	8	static
nsprs_sys_srvc.c:210:6:flow_disable	8	static
nsprs_sys_srvc.c:214:6:flow_enable	8	static
nsprs_sys_srvc.c:219:6:ssFlow_resetValues	8	static
nsprs_sys_srvc.c:224:5:ssFlow_time2flow	24	static
nsprs_sys_srvc.c:235:6:ssFlow_t	32	static
nsprs_sys_srvc.c:279:6:reset_timer	8	static
nsprs_sys_srvc.c:291:6:ssTimer_t	56	static
nsprs_sys_srvc.c:447:6:ssHMI_b_nsprs_t	32	static
nsprs_sys_srvc.c:475:6:ssHMI_b_lungo_t	32	static
nsprs_sys_srvc.c:501:6:ssHMI_b_esprs_t	32	static
nsprs_sys_srvc.c:527:6:ssHMI_b_hw_t	32	static
nsprs_sys_srvc.c:565:6:pump_disable	16	static
nsprs_sys_srvc.c:569:7:pump_enable	16	static
nsprs_sys_srvc.c:574:6:ssTrgPump_t	24	static
nsprs_sys_srvc.c:612:6:heater_disable	16	static
nsprs_sys_srvc.c:618:7:heater_enable	16	static
nsprs_sys_srvc.c:624:6:ssTrgHeater_t	24	static
nsprs_sys_srvc.c:660:6:heating_alg	8	static
nsprs_sys_srvc.c:669:13:ssHeatAlg_checkAlgState	8	static
nsprs_sys_srvc.c:688:13:ssHeatAlg_checkTargetTemp	8	static
nsprs_sys_srvc.c:695:13:ssHeatAlg_putAlgState	8	static
nsprs_sys_srvc.c:702:13:ssHeatAlg_Alg	8	static
nsprs_sys_srvc.c:733:13:ssHeatAlg_Alg_FastHeating	8	static
nsprs_sys_srvc.c:745:13:ssHeatAlg_Alg_SlowHeating	8	static
nsprs_sys_srvc.c:797:13:ssHeatAlg_Alg_BrewHeating	8	static
nsprs_sys_srvc.c:800:13:ssHeatAlg_Alg_NoHeating	8	static
nsprs_sys_srvc.c:811:13:ssHeatAlg_enHeater	8	static
nsprs_sys_srvc.c:815:13:ssHeatAlg_disHeater	8	static
nsprs_sys_srvc.c:827:6:ssTemp_t	24	static
nsprs_sys_srvc.c:903:6:task_general	40	static
