nsprs_drivers.c:15:6:init_hw	8	static
nsprs_drivers.c:20:14:timer_readFreqKHz	16	static
nsprs_drivers.c:23:14:timer_readPeriodMs	16	static
nsprs_drivers.c:26:14:timer_readPeriodUs	16	static
nsprs_drivers.c:30:14:timer_readMaxMs	16	static
nsprs_drivers.c:33:14:timer_readMaxUs	16	static
nsprs_drivers.c:37:14:timer_readMax	16	static
nsprs_drivers.c:41:14:timer_readMs	16	static
nsprs_drivers.c:44:14:timer_readUs	16	static
nsprs_drivers.c:48:6:timer_stopReset	16	static
nsprs_drivers.c:51:6:timer_count	16	static
nsprs_drivers.c:57:5:readTemp	8	static
nsprs_drivers.c:71:6:setPump1	8	static
nsprs_drivers.c:74:6:resetPump1	8	static
nsprs_drivers.c:77:6:setTB1	8	static
nsprs_drivers.c:80:6:resetTB1	8	static
nsprs_drivers.c:83:6:setTB2	8	static
nsprs_drivers.c:86:6:resetTB2	8	static
