core_cm0plus.h:741:22:__NVIC_EnableIRQ	16	static,ignoring_inline_asm
core_cm0plus.h:850:22:__NVIC_SetPriority	24	static
core_cm0plus.h:950:22:__NVIC_SetVector	24	static
nsprs_platform_nucleo_g070rb.c:48:5:_platform_readTemp	16	static
nsprs_platform_nucleo_g070rb.c:71:12:adc2temp	40	static
nsprs_platform_nucleo_g070rb.c:91:16:_NTCTableLookUp	32	static
nsprs_platform_nucleo_g070rb.c:131:14:_platform_timer_readFreqKHz	24	static
nsprs_platform_nucleo_g070rb.c:141:14:_platform_timer_readPeriodMs	24	static
nsprs_platform_nucleo_g070rb.c:151:14:_platform_timer_readPeriodUs	16	static
nsprs_platform_nucleo_g070rb.c:156:14:_platform_timer_readMaxMs	24	static
nsprs_platform_nucleo_g070rb.c:166:14:_platform_timer_readMaxUs	24	static
nsprs_platform_nucleo_g070rb.c:177:14:_platform_timer_readMax	24	static
nsprs_platform_nucleo_g070rb.c:188:14:_platform_timer_readMs	24	static
nsprs_platform_nucleo_g070rb.c:200:14:_platform_timer_readUs	24	static
nsprs_platform_nucleo_g070rb.c:213:6:_platform_timer_stopReset	16	static
nsprs_platform_nucleo_g070rb.c:227:6:_platform_timer_count	24	static
nsprs_platform_nucleo_g070rb.c:248:6:HAL_TIM_PeriodElapsedCallback	24	static
nsprs_platform_nucleo_g070rb.c:266:6:EXTI0_1_IRQHandler	8	static
nsprs_platform_nucleo_g070rb.c:291:6:EXTI2_3_IRQHandler	8	static
nsprs_platform_nucleo_g070rb.c:332:6:EXTI4_15_IRQHandler	16	static
nsprs_platform_nucleo_g070rb.c:406:6:_platform_init_hw	8	static
nsprs_platform_nucleo_g070rb.c:422:13:MX_GPIO_Init	56	static
nsprs_platform_nucleo_g070rb.c:469:6:SystemClock_Config	112	static
nsprs_platform_nucleo_g070rb.c:517:13:MX_USART1_UART_Init	8	static
nsprs_platform_nucleo_g070rb.c:549:13:MX_USART2_UART_Init	8	static
nsprs_platform_nucleo_g070rb.c:580:13:MX_USART3_UART_Init	8	static
nsprs_platform_nucleo_g070rb.c:602:13:MX_TIM6_Init	24	static
nsprs_platform_nucleo_g070rb.c:623:13:MX_TIM7_Init	24	static
nsprs_platform_nucleo_g070rb.c:645:13:MX_ADC1_Init	24	static
nsprs_platform_nucleo_g070rb.c:684:1:__io_putchar	16	static
nsprs_platform_nucleo_g070rb.c:695:6:Error_Handler	8	static,ignoring_inline_asm
