core_cm0plus.h:741:22:__NVIC_EnableIRQ	16	static,ignoring_inline_asm
core_cm0plus.h:850:22:__NVIC_SetPriority	24	static
core_cm0plus.h:950:22:__NVIC_SetVector	24	static
stm32_trg_driver.c:6:6:trg_init_tmr16	48	static
stm32_trg_driver.c:42:6:trg_impl_tmr16	24	static
stm32_trg_driver.c:248:6:TIM16_IRQHandler	8	static
stm32_trg_driver.c:543:6:trg_init_tmr17	48	static
stm32_trg_driver.c:581:6:trg_impl_tmr17	24	static
stm32_trg_driver.c:774:6:TIM17_IRQHandler	8	static
stm32_trg_driver.c:1068:6:trg_init_tmr14	48	static
stm32_trg_driver.c:1107:6:trg_impl_tmr14	24	static
stm32_trg_driver.c:1300:6:TIM14_IRQHandler	8	static
stm32_trg_driver.c:1595:6:trg_init_tmr15	48	static
stm32_trg_driver.c:1634:6:trg_impl_tmr15	24	static
stm32_trg_driver.c:1827:6:TIM15_IRQHandler	8	static
